###############################################################################
#
# IAR ELF Linker V8.22.1.15669/W32 for ARM                05/Jun/2019  16:23:48
# Copyright 2007-2018 IAR Systems AB.
#
#    Output file  =  
#        D:\Users\dawoon1\Desktop\IOT_MCU_WIRERESS\IOT_WIRERESS\EWARM\IOT_WIRERESS\Exe\IOT_WIRERESS.out
#    Map file     =  
#        D:\Users\dawoon1\Desktop\IOT_MCU_WIRERESS\IOT_WIRERESS\EWARM\IOT_WIRERESS\List\IOT_WIRERESS.map
#    Command line =  
#        -f C:\Users\dawoon1\AppData\Local\Temp\EW6FBD.tmp
#        (D:\Users\dawoon1\Desktop\IOT_MCU_WIRERESS\IOT_WIRERESS\EWARM\IOT_WIRERESS\Obj\dma.o
#        D:\Users\dawoon1\Desktop\IOT_MCU_WIRERESS\IOT_WIRERESS\EWARM\IOT_WIRERESS\Obj\eeprom.o
#        D:\Users\dawoon1\Desktop\IOT_MCU_WIRERESS\IOT_WIRERESS\EWARM\IOT_WIRERESS\Obj\gpio.o
#        D:\Users\dawoon1\Desktop\IOT_MCU_WIRERESS\IOT_WIRERESS\EWARM\IOT_WIRERESS\Obj\hc165.o
#        D:\Users\dawoon1\Desktop\IOT_MCU_WIRERESS\IOT_WIRERESS\EWARM\IOT_WIRERESS\Obj\hc595.o
#        D:\Users\dawoon1\Desktop\IOT_MCU_WIRERESS\IOT_WIRERESS\EWARM\IOT_WIRERESS\Obj\iwdg.o
#        D:\Users\dawoon1\Desktop\IOT_MCU_WIRERESS\IOT_WIRERESS\EWARM\IOT_WIRERESS\Obj\khh_eeprom.o
#        D:\Users\dawoon1\Desktop\IOT_MCU_WIRERESS\IOT_WIRERESS\EWARM\IOT_WIRERESS\Obj\khh_lcd.o
#        D:\Users\dawoon1\Desktop\IOT_MCU_WIRERESS\IOT_WIRERESS\EWARM\IOT_WIRERESS\Obj\main.o
#        D:\Users\dawoon1\Desktop\IOT_MCU_WIRERESS\IOT_WIRERESS\EWARM\IOT_WIRERESS\Obj\menu.o
#        D:\Users\dawoon1\Desktop\IOT_MCU_WIRERESS\IOT_WIRERESS\EWARM\IOT_WIRERESS\Obj\rf_modules.o
#        D:\Users\dawoon1\Desktop\IOT_MCU_WIRERESS\IOT_WIRERESS\EWARM\IOT_WIRERESS\Obj\startup_stm32f103xe.o
#        D:\Users\dawoon1\Desktop\IOT_MCU_WIRERESS\IOT_WIRERESS\EWARM\IOT_WIRERESS\Obj\stm32f1xx_hal.o
#        D:\Users\dawoon1\Desktop\IOT_MCU_WIRERESS\IOT_WIRERESS\EWARM\IOT_WIRERESS\Obj\stm32f1xx_hal_cortex.o
#        D:\Users\dawoon1\Desktop\IOT_MCU_WIRERESS\IOT_WIRERESS\EWARM\IOT_WIRERESS\Obj\stm32f1xx_hal_dma.o
#        D:\Users\dawoon1\Desktop\IOT_MCU_WIRERESS\IOT_WIRERESS\EWARM\IOT_WIRERESS\Obj\stm32f1xx_hal_flash.o
#        D:\Users\dawoon1\Desktop\IOT_MCU_WIRERESS\IOT_WIRERESS\EWARM\IOT_WIRERESS\Obj\stm32f1xx_hal_flash_ex.o
#        D:\Users\dawoon1\Desktop\IOT_MCU_WIRERESS\IOT_WIRERESS\EWARM\IOT_WIRERESS\Obj\stm32f1xx_hal_gpio.o
#        D:\Users\dawoon1\Desktop\IOT_MCU_WIRERESS\IOT_WIRERESS\EWARM\IOT_WIRERESS\Obj\stm32f1xx_hal_gpio_ex.o
#        D:\Users\dawoon1\Desktop\IOT_MCU_WIRERESS\IOT_WIRERESS\EWARM\IOT_WIRERESS\Obj\stm32f1xx_hal_iwdg.o
#        D:\Users\dawoon1\Desktop\IOT_MCU_WIRERESS\IOT_WIRERESS\EWARM\IOT_WIRERESS\Obj\stm32f1xx_hal_msp.o
#        D:\Users\dawoon1\Desktop\IOT_MCU_WIRERESS\IOT_WIRERESS\EWARM\IOT_WIRERESS\Obj\stm32f1xx_hal_pwr.o
#        D:\Users\dawoon1\Desktop\IOT_MCU_WIRERESS\IOT_WIRERESS\EWARM\IOT_WIRERESS\Obj\stm32f1xx_hal_rcc.o
#        D:\Users\dawoon1\Desktop\IOT_MCU_WIRERESS\IOT_WIRERESS\EWARM\IOT_WIRERESS\Obj\stm32f1xx_hal_rcc_ex.o
#        D:\Users\dawoon1\Desktop\IOT_MCU_WIRERESS\IOT_WIRERESS\EWARM\IOT_WIRERESS\Obj\stm32f1xx_hal_tim.o
#        D:\Users\dawoon1\Desktop\IOT_MCU_WIRERESS\IOT_WIRERESS\EWARM\IOT_WIRERESS\Obj\stm32f1xx_hal_tim_ex.o
#        D:\Users\dawoon1\Desktop\IOT_MCU_WIRERESS\IOT_WIRERESS\EWARM\IOT_WIRERESS\Obj\stm32f1xx_hal_uart.o
#        D:\Users\dawoon1\Desktop\IOT_MCU_WIRERESS\IOT_WIRERESS\EWARM\IOT_WIRERESS\Obj\stm32f1xx_it.o
#        D:\Users\dawoon1\Desktop\IOT_MCU_WIRERESS\IOT_WIRERESS\EWARM\IOT_WIRERESS\Obj\sw_panel.o
#        D:\Users\dawoon1\Desktop\IOT_MCU_WIRERESS\IOT_WIRERESS\EWARM\IOT_WIRERESS\Obj\system_stm32f1xx.o
#        D:\Users\dawoon1\Desktop\IOT_MCU_WIRERESS\IOT_WIRERESS\EWARM\IOT_WIRERESS\Obj\tim.o
#        D:\Users\dawoon1\Desktop\IOT_MCU_WIRERESS\IOT_WIRERESS\EWARM\IOT_WIRERESS\Obj\usart.o
#        --redirect _Printf=_PrintfFull --redirect _Scanf=_ScanfFull -o
#        D:\Users\dawoon1\Desktop\IOT_MCU_WIRERESS\IOT_WIRERESS\EWARM\IOT_WIRERESS\Exe\IOT_WIRERESS.out
#        --map
#        D:\Users\dawoon1\Desktop\IOT_MCU_WIRERESS\IOT_WIRERESS\EWARM\IOT_WIRERESS\List\IOT_WIRERESS.map
#        --config
#        D:\Users\dawoon1\Desktop\IOT_MCU_WIRERESS\IOT_WIRERESS\EWARM/stm32f103xe_flash.icf
#        --semihosting --entry __iar_program_start --vfe --text_out locale)
#
###############################################################################

*******************************************************************************
*** RUNTIME MODEL ATTRIBUTES
***

CppFlavor       = *
__SystemLibrary = DLib
__dlib_version  = 6


*******************************************************************************
*** HEAP SELECTION
***

The basic heap was selected because no calls to memory allocation
functions were found in the application outside of system library
functions, and there are calls to deallocation functions in the
application.


*******************************************************************************
*** PLACEMENT SUMMARY
***

"A0":  place at 0x08000000 { ro section .intvec };
"P1":  place in [from 0x08000000 to 0x0807ffff] { ro };
define block CSTACK with size = 1K, alignment = 8 { };
define block HEAP with size = 512, alignment = 8 { };
"P2":  place in [from 0x20000000 to 0x2000ffff] {
          rw, block CSTACK, block HEAP };
initialize by copy { rw };

  Section            Kind        Address    Size  Object
  -------            ----        -------    ----  ------
"A0":                                      0x130
  .intvec            ro code  0x08000000   0x130  startup_stm32f103xe.o [1]
                            - 0x08000130   0x130

"P1":                                     0x9815
  .text              ro code  0x08000130  0x1f78  gpio.o [1]
  .text              ro code  0x080020a8   0x2c0  stm32f1xx_hal_gpio.o [1]
  .text              ro code  0x08002368  0x1414  main.o [1]
  .text              ro code  0x0800377c     0x6  ABImemclr4.o [5]
  .text              ro code  0x08003782    0x7a  lz77_init_single.o [5]
  .text              ro code  0x080037fc   0x894  sw_panel.o [1]
  .text              ro code  0x08004090    0xe4  khh_eeprom.o [1]
  .text              ro code  0x08004174    0x24  stm32f1xx_hal.o [1]
  .text              ro code  0x08004198    0x40  dma.o [1]
  .text              ro code  0x080041d8   0x35c  usart.o [1]
  .text              ro code  0x08004534   0x298  tim.o [1]
  .text              ro code  0x080047cc    0x68  iwdg.o [1]
  .text              ro code  0x08004834   0x3d0  khh_lcd.o [1]
  .text              ro code  0x08004c04   0x590  stm32f1xx_hal_uart.o [1]
  .text              ro code  0x08005194   0x3a6  stm32f1xx_hal_tim.o [1]
  .text              ro code  0x0800553a    0x1e  xencoding_8859_1.o [3]
  .text              ro code  0x08005558    0x40  sprintf.o [3]
  .text              ro code  0x08005598   0x5d4  rf_modules.o [1]
  .text              ro code  0x08005b6c    0x28  stm32f1xx_hal.o [1]
  .text              ro code  0x08005b94   0x88c  menu.o [1]
  .text              ro code  0x08006420    0xa6  ABImemcpy.o [5]
  .text              ro code  0x080064c6     0xa  xsprout.o [3]
  .text              ro code  0x080064d0   0x4fe  stm32f1xx_hal_rcc.o [1]
  .text              ro code  0x080069d0    0xee  stm32f1xx_hal_cortex.o [1]
  .text              ro code  0x08006ac0    0x1a  U32ToDbl.o [4]
  .text              ro code  0x08006adc   0x246  DblDiv.o [4]
  .text              ro code  0x08006d24   0x1a2  DblMul.o [4]
  .text              ro code  0x08006ec8    0x3a  DblToS32.o [4]
  .text              ro code  0x08006f04   0x14e  hc165.o [1]
  .text              ro code  0x08007054    0xec  hc595.o [1]
  .text              ro code  0x08007140    0x32  ABImemset48.o [5]
  .text              ro code  0x08007174   0x17c  stm32f1xx_hal_flash.o [1]
  .text              ro code  0x080072f0   0x3e4  eeprom.o [1]
  .text              ro code  0x080076d4    0x40  stm32f1xx_hal.o [1]
  .text              ro code  0x08007714    0x9c  stm32f1xx_hal_msp.o [1]
  .text              ro code  0x080077b0   0x474  stm32f1xx_hal_dma.o [1]
  .text              ro code  0x08007c24     0x6  ABImemclr.o [5]
  .text              ro code  0x08007c2c    0x4c  stm32f1xx_hal_tim_ex.o [1]
  .text              ro code  0x08007c78    0x44  stm32f1xx_hal_iwdg.o [1]
  .text              ro code  0x08007cbc     0xc  stm32f1xx_hal.o [1]
  .text              ro code  0x08007cc8     0x2  stm32f1xx_hal_uart.o [1]
  .text              ro code  0x08007cca     0x2  stm32f1xx_hal_uart.o [1]
  .text              ro code  0x08007ccc     0x2  stm32f1xx_hal_uart.o [1]
  .text              ro code  0x08007cce     0x2  stm32f1xx_hal_tim.o [1]
  .text              ro code  0x08007cd0     0x2  stm32f1xx_hal_tim.o [1]
  .text              ro code  0x08007cd2     0x2  stm32f1xx_hal_tim.o [1]
  .text              ro code  0x08007cd4     0x2  stm32f1xx_hal_tim_ex.o [1]
  .text              ro code  0x08007cd6     0x2  stm32f1xx_hal_tim.o [1]
  .text              ro code  0x08007cd8     0x2  stm32f1xx_hal_tim_ex.o [1]
  .text              ro code  0x08007cdc   0xf96  xprintffull.o [3]
  .text              ro code  0x08008c74    0x1e  U64Shr.o [5]
  .text              ro code  0x08008c94    0xc4  stm32f1xx_hal_flash_ex.o [1]
  .text              ro code  0x08008d58    0x5e  ABImemset.o [5]
  .text              ro code  0x08008db8    0x74  xlocale_c.o [3]
  .text              ro code  0x08008e2c    0x16  strchr.o [5]
  .text              ro code  0x08008e44    0x40  xfail_s.o [3]
  .text              ro code  0x08008e84    0x36  strlen.o [5]
  .text              ro code  0x08008ebc    0x58  memchr.o [5]
  .text              ro code  0x08008f14     0xa  xmbcurmax.o [3]
  .text              ro code  0x08008f20   0x22e  I64DivMod.o [5]
  .text              ro code  0x08009150    0x70  frexp.o [4]
  .text              ro code  0x080091c0    0x2e  DblCmpLe.o [4]
  .text              ro code  0x080091f0    0x2e  DblCmpGe.o [4]
  .text              ro code  0x08009220   0x13a  ldexp.o [4]
  .text              ro code  0x0800935c    0x22  S32ToDbl.o [4]
  .text              ro code  0x08009380    0xe2  DblSub.o [4]
  .text              ro code  0x08009464    0x28  DblToU32.o [4]
  .text              ro code  0x0800948c     0x6  abort.o [3]
  .text              ro code  0x08009494     0x2  I64DivZer.o [5]
  .text              ro code  0x08009498   0x168  DblAdd.o [4]
  .text              ro code  0x08009600    0x14  exit.o [6]
  .text              ro code  0x08009614    0x70  stm32f1xx_it.o [1]
  .text              ro code  0x08009684    0x10  stm32f1xx_hal.o [1]
  .text              ro code  0x08009694    0x5c  system_stm32f1xx.o [1]
  .text              ro code  0x080096f0    0x40  zero_init3.o [5]
  .text              ro code  0x08009730    0x28  data_init.o [5]
  .iar.init_table    const    0x08009758    0x20  - Linker created -
  .text              ro code  0x08009778    0x1e  cmain.o [5]
  .text              ro code  0x08009796     0x4  low_level_init.o [3]
  .text              ro code  0x0800979a     0x4  exit.o [3]
  .text              ro code  0x080097a0     0xa  cexit.o [5]
  .text              ro code  0x080097ac    0x10  startup_stm32f103xe.o [1]
  .text              ro code  0x080097bc     0xc  cstartup_M.o [5]
  .rodata            const    0x080097c8     0x8  system_stm32f1xx.o [1]
  .rodata            const    0x080097d0     0x6  xlocale_c.o [3]
  .text              ro code  0x080097d6     0x4  startup_stm32f103xe.o [1]
  .text              ro code  0x080097da     0x4  startup_stm32f103xe.o [1]
  .text              ro code  0x080097de     0x4  startup_stm32f103xe.o [1]
  .text              ro code  0x080097e2     0x4  startup_stm32f103xe.o [1]
  .text              ro code  0x080097e6     0x4  startup_stm32f103xe.o [1]
  .text              ro code  0x080097ea     0x4  startup_stm32f103xe.o [1]
  .text              ro code  0x080097ee     0x4  startup_stm32f103xe.o [1]
  .text              ro code  0x080097f2     0x4  startup_stm32f103xe.o [1]
  .text              ro code  0x080097f6     0x4  startup_stm32f103xe.o [1]
  .text              ro code  0x080097fa     0x4  startup_stm32f103xe.o [1]
  .text              ro code  0x080097fe     0x4  startup_stm32f103xe.o [1]
  .text              ro code  0x08009802     0x4  startup_stm32f103xe.o [1]
  .text              ro code  0x08009806     0x4  startup_stm32f103xe.o [1]
  .text              ro code  0x0800980a     0x4  startup_stm32f103xe.o [1]
  .text              ro code  0x0800980e     0x4  startup_stm32f103xe.o [1]
  .text              ro code  0x08009812     0x4  startup_stm32f103xe.o [1]
  .text              ro code  0x08009816     0x4  startup_stm32f103xe.o [1]
  .text              ro code  0x0800981a     0x4  startup_stm32f103xe.o [1]
  .text              ro code  0x0800981e     0x4  startup_stm32f103xe.o [1]
  .text              ro code  0x08009822     0x4  startup_stm32f103xe.o [1]
  .text              ro code  0x08009826     0x4  startup_stm32f103xe.o [1]
  .text              ro code  0x0800982a     0x4  startup_stm32f103xe.o [1]
  .text              ro code  0x0800982e     0x4  startup_stm32f103xe.o [1]
  .text              ro code  0x08009832     0x4  startup_stm32f103xe.o [1]
  .text              ro code  0x08009836     0x4  startup_stm32f103xe.o [1]
  .text              ro code  0x0800983a     0x4  startup_stm32f103xe.o [1]
  .text              ro code  0x0800983e     0x4  startup_stm32f103xe.o [1]
  .text              ro code  0x08009842     0x4  startup_stm32f103xe.o [1]
  .text              ro code  0x08009846     0x4  startup_stm32f103xe.o [1]
  .text              ro code  0x0800984a     0x4  startup_stm32f103xe.o [1]
  .text              ro code  0x0800984e     0x4  startup_stm32f103xe.o [1]
  .text              ro code  0x08009852     0x4  startup_stm32f103xe.o [1]
  .text              ro code  0x08009856     0x4  startup_stm32f103xe.o [1]
  .text              ro code  0x0800985a     0x4  startup_stm32f103xe.o [1]
  .text              ro code  0x0800985e     0x4  startup_stm32f103xe.o [1]
  .text              ro code  0x08009862     0x4  startup_stm32f103xe.o [1]
  .text              ro code  0x08009866     0x4  startup_stm32f103xe.o [1]
  .text              ro code  0x0800986a     0x4  startup_stm32f103xe.o [1]
  .text              ro code  0x0800986e     0x4  startup_stm32f103xe.o [1]
  .text              ro code  0x08009872     0x4  startup_stm32f103xe.o [1]
  .text              ro code  0x08009876     0x4  startup_stm32f103xe.o [1]
  .text              ro code  0x0800987a     0x4  startup_stm32f103xe.o [1]
  .text              ro code  0x0800987e     0x4  startup_stm32f103xe.o [1]
  .text              ro code  0x08009882     0x4  startup_stm32f103xe.o [1]
  .text              ro code  0x08009886     0x4  startup_stm32f103xe.o [1]
  .text              ro code  0x0800988a     0x4  startup_stm32f103xe.o [1]
  .text              ro code  0x0800988e     0x4  startup_stm32f103xe.o [1]
  .text              ro code  0x08009892     0x4  startup_stm32f103xe.o [1]
  .text              ro code  0x08009896     0x4  startup_stm32f103xe.o [1]
  .text              ro code  0x0800989a     0x4  startup_stm32f103xe.o [1]
  .text              ro code  0x0800989e     0x4  startup_stm32f103xe.o [1]
  .text              ro code  0x080098a2     0x4  startup_stm32f103xe.o [1]
  .rodata            const    0x080098a6     0x0  zero_init3.o [5]
  .rodata            const    0x080098a6     0x0  lz77_init_single.o [5]
  Initializer bytes  const    0x080098a6    0x9f  <for P2-1>
                            - 0x08009945  0x9815

"P2", part 1 of 3:                         0x150
  P2-1                        0x20000000   0x150  <Init block>
    .data            inited   0x20000000    0x50  khh_eeprom.o [1]
    .data            inited   0x20000050    0x68  menu.o [1]
    .data            inited   0x200000b8     0xc  stm32f1xx_hal.o [1]
    .data            inited   0x200000c4     0x4  system_stm32f1xx.o [1]
    .data            inited   0x200000c8    0x38  xlocale_c.o [3]
    .data            inited   0x20000100    0x48  xlocale_c.o [3]
    .data            inited   0x20000148     0x8  hc595.o [1]
                            - 0x20000150   0x150

"P2", part 2 of 3:                         0x8c0
  .bss               zero     0x20000150   0x108  rf_modules.o [1]
  .bss               zero     0x20000258    0xd8  main.o [1]
  .bss               zero     0x20000330    0x88  main.o [1]
  .bss               zero     0x200003b8    0x88  usart.o [1]
  .bss               zero     0x20000440    0x84  main.o [1]
  .bss               zero     0x200004c4    0x64  main.o [1]
  .bss               zero     0x20000528    0x64  main.o [1]
  .bss               zero     0x2000058c    0x64  main.o [1]
  .bss               zero     0x200005f0    0x64  main.o [1]
  .bss               zero     0x20000654    0x64  main.o [1]
  .bss               zero     0x200006b8    0x54  khh_eeprom.o [1]
  .bss               zero     0x2000070c    0x54  khh_eeprom.o [1]
  .bss               zero     0x20000760    0x4c  main.o [1]
  .bss               zero     0x200007ac    0x44  main.o [1]
  .bss               zero     0x200007f0    0x40  tim.o [1]
  .bss               zero     0x20000830    0x40  tim.o [1]
  .bss               zero     0x20000870    0x40  tim.o [1]
  .bss               zero     0x200008b0    0x40  tim.o [1]
  .bss               zero     0x200008f0    0x40  usart.o [1]
  .bss               zero     0x20000930    0x40  usart.o [1]
  .bss               zero     0x20000970    0x21  main.o [1]
  .bss               zero     0x20000992     0x4  main.o [1]
  .bss               zero     0x20000996     0x2  eeprom.o [1]
  .bss               zero     0x20000998    0x20  stm32f1xx_hal_flash.o [1]
  .bss               zero     0x200009b8    0x15  usart.o [1]
  .bss               zero     0x200009cd     0x2  rf_modules.o [1]
  .bss               zero     0x200009cf     0x1  main.o [1]
  .bss               zero     0x200009d0    0x10  hc165.o [1]
  .bss               zero     0x200009e0     0xc  iwdg.o [1]
  .bss               zero     0x200009ec     0x9  khh_lcd.o [1]
  .bss               zero     0x200009f6     0x2  main.o [1]
  .bss               zero     0x200009f8     0x8  eeprom.o [1]
  .bss               zero     0x20000a00     0x4  main.o [1]
  .bss               zero     0x20000a04     0x4  xfail_s.o [3]
  .bss               zero     0x20000a08     0x2  main.o [1]
  .bss               zero     0x20000a0a     0x2  main.o [1]
  .bss               zero     0x20000a0c     0x1  sw_panel.o [1]
                            - 0x20000a0d   0x8bd

"P2", part 3 of 3:                         0x400
  CSTACK                      0x20000a10   0x400  <Block>
    CSTACK           uninit   0x20000a10   0x400  <Block tail>
                            - 0x20000e10   0x400


*******************************************************************************
*** INIT TABLE
***

          Address     Size
          -------     ----
Zero (__iar_zero_init3)
    1 destination range, total size 0x8bd:
          0x20000150  0x8bd

Copy/lz77 (__iar_lz77_init_single3)
    1 source range, total size 0x9f (47% of destination):
          0x080098a6   0x9f
    1 destination range, total size 0x150:
          0x20000000  0x150



*******************************************************************************
*** MODULE SUMMARY
***

    Module                    ro code  ro data  rw data
    ------                    -------  -------  -------
D:\Users\dawoon1\Desktop\IOT_MCU_WIRERESS\IOT_WIRERESS\EWARM\IOT_WIRERESS\Obj: [1]
    dma.o                          64
    eeprom.o                      996                10
    gpio.o                      8 056
    hc165.o                       334                16
    hc595.o                       236        4        8
    iwdg.o                        104                12
    khh_eeprom.o                  228       37      248
    khh_lcd.o                     976                 9
    main.o                      5 140             1 176
    menu.o                      2 188       50      104
    rf_modules.o                1 492               266
    startup_stm32f103xe.o         528
    stm32f1xx_hal.o               168        5       12
    stm32f1xx_hal_cortex.o        238
    stm32f1xx_hal_dma.o         1 140
    stm32f1xx_hal_flash.o         380                32
    stm32f1xx_hal_flash_ex.o      196
    stm32f1xx_hal_gpio.o          704
    stm32f1xx_hal_iwdg.o           68
    stm32f1xx_hal_msp.o           156
    stm32f1xx_hal_rcc.o         1 278
    stm32f1xx_hal_tim.o           942
    stm32f1xx_hal_tim_ex.o         80
    stm32f1xx_hal_uart.o        1 430
    stm32f1xx_it.o                112
    sw_panel.o                  2 196                 1
    system_stm32f1xx.o             92       10        4
    tim.o                         664               256
    usart.o                       860               285
    ---------------------------------------------------
    Total:                     31 046      106    2 439

command line: [2]
    ---------------------------------------------------
    Total:

dl7M_tlf.a: [3]
    abort.o                         6
    exit.o                          4
    low_level_init.o                4
    sprintf.o                      64
    xencoding_8859_1.o             30
    xfail_s.o                      64                 4
    xlocale_c.o                   116       67      128
    xmbcurmax.o                    10
    xprintffull.o               3 990
    xsprout.o                      10
    ---------------------------------------------------
    Total:                      4 298       67      132

m7M_tl.a: [4]
    DblAdd.o                      360
    DblCmpGe.o                     46
    DblCmpLe.o                     46
    DblDiv.o                      582
    DblMul.o                      418
    DblSub.o                      226
    DblToS32.o                     58
    DblToU32.o                     40
    S32ToDbl.o                     34
    U32ToDbl.o                     26
    frexp.o                       112
    ldexp.o                       314
    ---------------------------------------------------
    Total:                      2 262

rt7M_tl.a: [5]
    ABImemclr.o                     6
    ABImemclr4.o                    6
    ABImemcpy.o                   166
    ABImemset.o                    94
    ABImemset48.o                  50
    I64DivMod.o                   558
    I64DivZer.o                     2
    U64Shr.o                       30
    cexit.o                        10
    cmain.o                        30
    cstartup_M.o                   12
    data_init.o                    40
    lz77_init_single.o            122
    memchr.o                       88
    strchr.o                       22
    strlen.o                       54
    zero_init3.o                   64
    ---------------------------------------------------
    Total:                      1 354

shb_l.a: [6]
    exit.o                         20
    ---------------------------------------------------
    Total:                         20

    Gaps                           52                 2
    Linker created                          32    1 024
-------------------------------------------------------
    Grand Total:               39 032      205    3 597


*******************************************************************************
*** ENTRY LIST
***

Entry                      Address    Size  Type      Object
-----                      -------    ----  ----      ------
.iar.init_table$$Base   0x08009758           --   Gb  - Linker created -
.iar.init_table$$Limit  0x08009778           --   Gb  - Linker created -
?main                   0x08009779          Code  Gb  cmain.o [5]
AHBPrescTable           0x080096e0    0x10  Data  Gb  system_stm32f1xx.o [1]
APBPrescTable           0x080097c8     0x8  Data  Gb  system_stm32f1xx.o [1]
AutomanReceiveErrorCount
                        0x20000466     0x2  Data  Gb  main.o [1]
AutomodeSendFlag        0x20000460     0x1  Data  Gb  main.o [1]
BusFault_Handler        0x0800961b     0x2  Code  Gb  stm32f1xx_it.o [1]
CSTACK$$Base            0x20000a10           --   Gb  - Linker created -
CSTACK$$Limit           0x20000e10           --   Gb  - Linker created -
CacheMore               0x08008dbd    0x24  Code  Lc  xlocale_c.o [3]
Config                  0x200006b8    0x54  Data  Gb  khh_eeprom.o [1]
Config_Old              0x2000070c    0x54  Data  Gb  khh_eeprom.o [1]
DMA1_Channel3_IRQHandler
                        0x08009633     0x6  Code  Gb  stm32f1xx_it.o [1]
DMA1_Channel5_IRQHandler
                        0x08009639     0x6  Code  Gb  stm32f1xx_it.o [1]
DataInit                0x08002369    0xb4  Code  Gb  main.o [1]
DataVar                 0x20000996     0x2  Data  Gb  eeprom.o [1]
DebugMon_Handler        0x08009621     0x2  Code  Gb  stm32f1xx_it.o [1]
Device_list             0x080060a5    0x30  Code  Gb  menu.o [1]
EE_FindValidPage        0x08007591    0x36  Code  Lc  eeprom.o [1]
EE_Format               0x0800753f    0x52  Code  Lc  eeprom.o [1]
EE_Init                 0x080072f1   0x1c0  Code  Gb  eeprom.o [1]
EE_PageTransfer         0x08007623    0x90  Code  Lc  eeprom.o [1]
EE_ReadVariable         0x080074d9    0x4c  Code  Gb  eeprom.o [1]
EE_VerifyPageFullWriteVariable
                        0x080075c7    0x5c  Code  Lc  eeprom.o [1]
EE_VerifyPageFullyErased
                        0x080074b7    0x22  Code  Lc  eeprom.o [1]
EE_WriteVariable        0x08007525    0x1a  Code  Gb  eeprom.o [1]
FLASH_SetErrorCode      0x08007295    0x46  Code  Lc  stm32f1xx_hal_flash.o [1]
FLASH_WaitForLastOperation
                        0x08007245    0x50  Code  Gb  stm32f1xx_hal_flash.o [1]
GpioInputTask           0x08001fa5    0xf6  Code  Gb  gpio.o [1]
GpioRelayControlTask    0x080002c1  0x1ce4  Code  Gb  gpio.o [1]
HAL_DMA_Abort_IT        0x0800794b    0xe2  Code  Gb  stm32f1xx_hal_dma.o [1]
HAL_DMA_DeInit          0x0800783d    0x7a  Code  Gb  stm32f1xx_hal_dma.o [1]
HAL_DMA_IRQHandler      0x08007a2d   0x1b0  Code  Gb  stm32f1xx_hal_dma.o [1]
HAL_DMA_Init            0x080077b1    0x8c  Code  Gb  stm32f1xx_hal_dma.o [1]
HAL_DMA_Start_IT        0x080078b7    0x94  Code  Gb  stm32f1xx_hal_dma.o [1]
HAL_Delay               0x08005b6d    0x28  Code  Wk  stm32f1xx_hal.o [1]
HAL_FLASHEx_Erase       0x08008c95    0xbc  Code  Gb  stm32f1xx_hal_flash_ex.o [1]
HAL_FLASH_Program       0x08007175    0xb4  Code  Gb  stm32f1xx_hal_flash.o [1]
HAL_FLASH_Unlock        0x08007229    0x1c  Code  Gb  stm32f1xx_hal_flash.o [1]
HAL_GPIO_DeInit         0x0800222f    0xe2  Code  Gb  stm32f1xx_hal_gpio.o [1]
HAL_GPIO_Init           0x080020a9   0x186  Code  Gb  stm32f1xx_hal_gpio.o [1]
HAL_GPIO_ReadPin        0x08002311     0xe  Code  Gb  stm32f1xx_hal_gpio.o [1]
HAL_GPIO_WritePin       0x0800231f     0xc  Code  Gb  stm32f1xx_hal_gpio.o [1]
HAL_GetTick             0x08007cbd     0xc  Code  Wk  stm32f1xx_hal.o [1]
HAL_IWDG_Init           0x08007c79    0x44  Code  Gb  stm32f1xx_hal_iwdg.o [1]
HAL_IncTick             0x08009685    0x10  Code  Wk  stm32f1xx_hal.o [1]
HAL_Init                0x08004175    0x20  Code  Gb  stm32f1xx_hal.o [1]
HAL_InitTick            0x080076d5    0x40  Code  Wk  stm32f1xx_hal.o [1]
HAL_MspInit             0x08007715    0x9c  Code  Gb  stm32f1xx_hal_msp.o [1]
HAL_NVIC_DisableIRQ     0x08006a47     0x8  Code  Gb  stm32f1xx_hal_cortex.o [1]
HAL_NVIC_EnableIRQ      0x08006a3d     0xa  Code  Gb  stm32f1xx_hal_cortex.o [1]
HAL_NVIC_SetPriority    0x080069eb    0x52  Code  Gb  stm32f1xx_hal_cortex.o [1]
HAL_NVIC_SetPriorityGrouping
                        0x080069d1    0x1a  Code  Gb  stm32f1xx_hal_cortex.o [1]
HAL_RCC_ClockConfig     0x080067fb   0x134  Code  Gb  stm32f1xx_hal_rcc.o [1]
HAL_RCC_GetHCLKFreq     0x08006967     0x6  Code  Gb  stm32f1xx_hal_rcc.o [1]
HAL_RCC_GetPCLK1Freq    0x0800696d    0x10  Code  Gb  stm32f1xx_hal_rcc.o [1]
HAL_RCC_GetPCLK2Freq    0x0800697d     0xe  Code  Gb  stm32f1xx_hal_rcc.o [1]
HAL_RCC_GetSysClockFreq
                        0x08006931    0x36  Code  Gb  stm32f1xx_hal_rcc.o [1]
HAL_RCC_GetSysClockFreq::aPLLMULFactorTable
                        0x080069bc    0x10  Data  Lc  stm32f1xx_hal_rcc.o [1]
HAL_RCC_GetSysClockFreq::aPredivFactorTable
                        0x080069cc     0x2  Data  Lc  stm32f1xx_hal_rcc.o [1]
HAL_RCC_OscConfig       0x080064d1   0x32a  Code  Gb  stm32f1xx_hal_rcc.o [1]
HAL_SYSTICK_CLKSourceConfig
                        0x08006a7b    0x1a  Code  Gb  stm32f1xx_hal_cortex.o [1]
HAL_SYSTICK_Config      0x08006a59    0x22  Code  Gb  stm32f1xx_hal_cortex.o [1]
HAL_SYSTICK_IRQHandler  0x08006ab9     0x4  Code  Gb  stm32f1xx_hal_cortex.o [1]
HAL_TIMEx_BreakCallback
                        0x08007cd5     0x2  Code  Wk  stm32f1xx_hal_tim_ex.o [1]
HAL_TIMEx_CommutationCallback
                        0x08007cd9     0x2  Code  Wk  stm32f1xx_hal_tim_ex.o [1]
HAL_TIMEx_MasterConfigSynchronization
                        0x08007c2d    0x4c  Code  Gb  stm32f1xx_hal_tim_ex.o [1]
HAL_TIM_Base_Init       0x08005195    0x1e  Code  Gb  stm32f1xx_hal_tim.o [1]
HAL_TIM_Base_MspInit    0x080046cb    0xac  Code  Gb  tim.o [1]
HAL_TIM_Base_Start_IT   0x080051b3    0x16  Code  Gb  stm32f1xx_hal_tim.o [1]
HAL_TIM_ConfigClockSource
                        0x08005327   0x124  Code  Gb  stm32f1xx_hal_tim.o [1]
HAL_TIM_IRQHandler      0x080051dd   0x14a  Code  Gb  stm32f1xx_hal_tim.o [1]
HAL_TIM_PeriodElapsedCallback
                        0x08003399   0x354  Code  Gb  main.o [1]
HAL_UART_IRQHandler     0x08004df7   0x158  Code  Gb  stm32f1xx_hal_uart.o [1]
HAL_UART_Init           0x08004c05    0x44  Code  Gb  stm32f1xx_hal_uart.o [1]
HAL_UART_MspDeInit      0x08004363    0x56  Code  Gb  usart.o [1]
HAL_UART_MspInit        0x08004241   0x122  Code  Gb  usart.o [1]
HAL_UART_Receive_DMA    0x08004d65    0x92  Code  Gb  stm32f1xx_hal_uart.o [1]
HAL_UART_RxCpltCallback
                        0x0800300d    0x42  Code  Gb  main.o [1]
HAL_UART_Transmit       0x08004c63    0xfc  Code  Gb  stm32f1xx_hal_uart.o [1]
HardFault_Handler       0x08009617     0x2  Code  Gb  stm32f1xx_it.o [1]
Hc165Task               0x08006f05    0xee  Code  Gb  hc165.o [1]
LCD_init                0x08004857    0x3a  Code  Gb  khh_lcd.o [1]
LightExcuTask           0x08003059   0x10a  Code  Gb  main.o [1]
LoadInt                 0x08007ecb    0x7a  Code  Lc  xprintffull.o [3]
MAX_Value               0x20000068    0x50  Data  Gb  menu.o [1]
MX_DMA_Init             0x08004199    0x40  Code  Gb  dma.o [1]
MX_GPIO_Init            0x08000131   0x17a  Code  Gb  gpio.o [1]
MX_IWDG_Init            0x080047cd    0x28  Code  Gb  iwdg.o [1]
MX_TIM1_Init            0x08004535    0x66  Code  Gb  tim.o [1]
MX_TIM2_Init            0x0800459d    0x66  Code  Gb  tim.o [1]
MX_TIM3_Init            0x08004605    0x62  Code  Gb  tim.o [1]
MX_TIM5_Init            0x08004669    0x62  Code  Gb  tim.o [1]
MX_USART1_UART_Init     0x080041d9    0x30  Code  Gb  usart.o [1]
MX_USART3_UART_Init     0x08004209    0x30  Code  Gb  usart.o [1]
MainRecoverProcess      0x0800259d    0xc8  Code  Gb  main.o [1]
MemManage_Handler       0x08009619     0x2  Code  Gb  stm32f1xx_it.o [1]
Menu                    0x20000062     0x1  Data  Gb  menu.o [1]
MeunTitleCopy           0x08005b95    0x72  Code  Gb  menu.o [1]
NMI_Handler             0x08009615     0x2  Code  Gb  stm32f1xx_it.o [1]
PacketCRC16             0x08005599    0x32  Code  Gb  rf_modules.o [1]
PandingAutoMode         0x0800241d   0x180  Code  Gb  main.o [1]
PendSV_Handler          0x08009623     0x2  Code  Gb  stm32f1xx_it.o [1]
PendingTask             0x0800316d   0x1f4  Code  Gb  main.o [1]
PorcessPacketLightCheck
                        0x0800440d    0x9a  Code  Gb  usart.o [1]
PorcessPacketLightClear
                        0x080044a7    0x1c  Code  Gb  usart.o [1]
PorcessPacket_Rf_Clear  0x0800599f    0x22  Code  Gb  rf_modules.o [1]
PorcessPacket_Rf_check  0x08005709   0x296  Code  Gb  rf_modules.o [1]
Region$$Table$$Base     0x08009758           --   Gb  - Linker created -
Region$$Table$$Limit    0x08009778           --   Gb  - Linker created -
RelayControlData        0x20000330    0x88  Data  Gb  main.o [1]
RfAutomanSetProcess     0x080059c1   0x158  Code  Gb  rf_modules.o [1]
Rf_list                 0x080060dd    0x1e  Code  Gb  menu.o [1]
SVC_Handler             0x0800961f     0x2  Code  Gb  stm32f1xx_it.o [1]
SW_Cnt                  0x2000005c     0x4  Data  Gb  menu.o [1]
SW_L                    0x20000054     0x4  Data  Gb  menu.o [1]
SW_Push                 0x20000058     0x4  Data  Gb  menu.o [1]
SW_S                    0x20000050     0x4  Data  Gb  menu.o [1]
SW_check                0x08005c07   0x128  Code  Gb  menu.o [1]
SendPacketLight         0x080043b9    0x52  Code  Gb  usart.o [1]
SendPacket_Rf           0x080055cb   0x13c  Code  Gb  rf_modules.o [1]
Setting_delay           0x20000064     0x2  Data  Gb  menu.o [1]
Setting_enable          0x20000060     0x1  Data  Gb  menu.o [1]
StrInput                0x200007ac    0x44  Data  Gb  main.o [1]
SwPanelAction           0x080038af   0x124  Code  Gb  sw_panel.o [1]
SwPanelData             0x20000760    0x4c  Data  Gb  main.o [1]
SwPanelLedControl16ChReverse
                        0x08003aed    0x86  Code  Gb  sw_panel.o [1]
SwPanelLedControlReverse
                        0x080039d3   0x11a  Code  Gb  sw_panel.o [1]
SwPanelRelayControl     0x08003b73    0xcc  Code  Gb  sw_panel.o [1]
SwPanelRfDataChange     0x08003c3f   0x44a  Code  Gb  sw_panel.o [1]
SwPanelTask             0x080037fd    0xb2  Code  Gb  sw_panel.o [1]
SwapDataProcess         0x0800700d    0x46  Code  Gb  hc165.o [1]
SysTick_Handler         0x08009625     0xe  Code  Gb  stm32f1xx_it.o [1]
SystemClock_Config      0x08002fa1    0x6c  Code  Gb  main.o [1]
SystemCoreClock         0x200000c4     0x4  Data  Gb  system_stm32f1xx.o [1]
SystemInit              0x08009695    0x3a  Code  Gb  system_stm32f1xx.o [1]
TIM1_UP_IRQHandler      0x0800963f     0x6  Code  Gb  stm32f1xx_it.o [1]
TIM2_IRQHandler         0x08009645     0x6  Code  Gb  stm32f1xx_it.o [1]
TIM3_IRQHandler         0x0800964b     0x6  Code  Gb  stm32f1xx_it.o [1]
TIM5_IRQHandler         0x0800965d     0x6  Code  Gb  stm32f1xx_it.o [1]
TIM_Base_SetConfig      0x08005457    0x7e  Code  Gb  stm32f1xx_hal_tim.o [1]
TIM_TI1_ConfigInputStage
                        0x080054f1    0x24  Code  Lc  stm32f1xx_hal_tim.o [1]
TIM_TI2_ConfigInputStage
                        0x08005515    0x26  Code  Lc  stm32f1xx_hal_tim.o [1]
TM_HD44780_Cmd          0x08004973     0x8  Code  Gb  khh_lcd.o [1]
TM_HD44780_Cmd4bit      0x08004997    0x6e  Code  Gb  khh_lcd.o [1]
TM_HD44780_CreateChar   0x08004ba9    0x40  Code  Gb  khh_lcd.o [1]
TM_HD44780_CursorSet    0x08004a09    0x28  Code  Gb  khh_lcd.o [1]
TM_HD44780_Data         0x0800497b     0x6  Code  Gb  khh_lcd.o [1]
TM_HD44780_DisplayOn    0x08004b81     0xa  Code  Gb  khh_lcd.o [1]
TM_HD44780_Init         0x08004891    0x9e  Code  Gb  khh_lcd.o [1]
TM_HD44780_InitPins     0x0800492f    0x44  Code  Gb  khh_lcd.o [1]
TM_HD44780_Opts         0x200009ec     0x8  Data  Gb  khh_lcd.o [1]
TM_HD44780_Puts         0x08004a31    0xa0  Code  Gb  khh_lcd.o [1]
TM_HD44780_Puts_State   0x08004ad1    0xb0  Code  Gb  khh_lcd.o [1]
Timer10msTaskCount      0x20000984     0x1  Data  Gb  main.o [1]
Timer1msTaskCount       0x20000985     0x1  Data  Gb  main.o [1]
UART_DMAAbortOnError    0x08005009     0xc  Code  Lc  stm32f1xx_hal_uart.o [1]
UART_DMAError           0x08004f91    0x5c  Code  Lc  stm32f1xx_hal_uart.o [1]
UART_DMAReceiveCplt     0x08004f51    0x38  Code  Lc  stm32f1xx_hal_uart.o [1]
UART_DMARxHalfCplt      0x08004f89     0x6  Code  Lc  stm32f1xx_hal_uart.o [1]
UART_EndRxTransfer      0x08004fed    0x1c  Code  Lc  stm32f1xx_hal_uart.o [1]
UART_Receive_IT         0x08005015    0x96  Code  Lc  stm32f1xx_hal_uart.o [1]
UART_SetConfig          0x080050ab    0xde  Code  Lc  stm32f1xx_hal_uart.o [1]
USART1_IRQHandler       0x08009651     0x6  Code  Gb  stm32f1xx_it.o [1]
USART3_IRQHandler       0x08009657     0x6  Code  Gb  stm32f1xx_it.o [1]
UsageFault_Handler      0x0800961d     0x2  Code  Gb  stm32f1xx_it.o [1]
VirtAddVarTab           0x20000000    0x50  Data  Gb  khh_eeprom.o [1]
_Encoding_8859_1_Mbrlen
                        0x0800554d     0x2  Code  Gb  xencoding_8859_1.o [3]
_Encoding_8859_1_Wctomb
                        0x0800553b    0x12  Code  Gb  xencoding_8859_1.o [3]
_Error_Handler          0x08003731     0x2  Code  Gb  main.o [1]
_GenldFull              0x0800894d   0x274  Code  Lc  xprintffull.o [3]
_LdtobFull              0x08008521   0x3fe  Code  Lc  xprintffull.o [3]
_LitobFull              0x080083c9   0x112  Code  Lc  xprintffull.o [3]
_Locale_lconv           0x200000c8    0x38  Data  Lc  xlocale_c.o [3]
_PrintfFull             0x08007cdd   0x1d6  Code  Gb  xprintffull.o [3]
_PutcharsFull           0x08008bc1    0x2e  Code  Lc  xprintffull.o [3]
_PutfldFull             0x08007f45   0x2d0  Code  Lc  xprintffull.o [3]
_PutstrFull             0x0800830b    0xbe  Code  Lc  xprintffull.o [3]
_PuttxtFull             0x08008215    0xf6  Code  Lc  xprintffull.o [3]
_SProut                 0x080064c7     0xa  Code  Gb  xsprout.o [3]
__aeabi_cdcmple         0x080091c1          Code  Gb  DblCmpLe.o [4]
__aeabi_cdrcmple        0x080091f1          Code  Gb  DblCmpGe.o [4]
__aeabi_d2iz            0x08006ec9          Code  Gb  DblToS32.o [4]
__aeabi_d2uiz           0x08009465          Code  Gb  DblToU32.o [4]
__aeabi_ddiv            0x08006add          Code  Gb  DblDiv.o [4]
__aeabi_dmul            0x08006d25          Code  Gb  DblMul.o [4]
__aeabi_dsub            0x08009381          Code  Gb  DblSub.o [4]
__aeabi_i2d             0x0800935d          Code  Gb  S32ToDbl.o [4]
__aeabi_ldiv0           0x08009495          Code  Gb  I64DivZer.o [5]
__aeabi_llsr            0x08008c75          Code  Gb  U64Shr.o [5]
__aeabi_memclr          0x08007c25          Code  Gb  ABImemclr.o [5]
__aeabi_memclr4         0x0800377d          Code  Gb  ABImemclr4.o [5]
__aeabi_memcpy          0x08006421          Code  Gb  ABImemcpy.o [5]
__aeabi_memcpy4         0x08006441          Code  Gb  ABImemcpy.o [5]
__aeabi_memcpy8         0x08006441          Code  Gb  ABImemcpy.o [5]
__aeabi_ui2d            0x08006ac1          Code  Gb  U32ToDbl.o [4]
__aeabi_uldivmod        0x08008f21          Code  Gb  I64DivMod.o [5]
__cmain                 0x08009779          Code  Gb  cmain.o [5]
__exit                  0x08009601    0x14  Code  Gb  exit.o [6]
__iar_Fail_s            0x08008e45    0x1c  Code  Gb  xfail_s.o [3]
__iar_Mbcurmax          0x08008f15     0xa  Code  Gb  xmbcurmax.o [3]
__iar_Memchr            0x08008ebd          Code  Gb  memchr.o [5]
__iar_Memset4_word      0x08007141          Code  Gb  ABImemset48.o [5]
__iar_Memset8_word      0x08007141          Code  Gb  ABImemset48.o [5]
__iar_Memset_word       0x08008d59          Code  Gb  ABImemset.o [5]
__iar_Strchr            0x08008e2d          Code  Gb  strchr.o [5]
__iar_dadd              0x08009391          Code  Gb  DblSub.o [4]
__iar_data_init3        0x08009731    0x28  Code  Gb  data_init.o [5]
__iar_dsub              0x08009499          Code  Gb  DblAdd.o [4]
__iar_dsubStart         0x080094ab          Code  Gb  DblAdd.o [4]
__iar_frexp             0x0800915d          Code  Gb  frexp.o [4]
__iar_frexp64           0x08009151          Code  Gb  frexp.o [4]
__iar_frexpl            0x0800915d          Code  Gb  frexp.o [4]
__iar_globLocale        0x20000100    0x48  Data  Lc  xlocale_c.o [3]
__iar_global_Locale     0x08008db9     0x4  Code  Gb  xlocale_c.o [3]
__iar_ldexp64           0x08009221          Code  Gb  ldexp.o [4]
__iar_lz77_init_single3
                        0x08003783    0x7a  Code  Gb  lz77_init_single.o [5]
__iar_program_start     0x080097bd          Code  Gb  cstartup_M.o [5]
__iar_scalbln64         0x08009221          Code  Gb  ldexp.o [4]
__iar_scalbn64          0x08009221          Code  Gb  ldexp.o [4]
__iar_systems$$module {Abs}
                        0x00000001          Data  Gb  command line/config [2]
__iar_zero_init3        0x080096f1    0x40  Code  Gb  zero_init3.o [5]
__low_level_init        0x08009797     0x4  Code  Gb  low_level_init.o [3]
__vector_table          0x08000000          Data  Gb  startup_stm32f103xe.o [1]
_call_main              0x08009785          Code  Gb  cmain.o [5]
_exit                   0x080097a1          Code  Gb  cexit.o [5]
_gLocale_mblen          0x08008e19     0x4  Code  Gb  xlocale_c.o [3]
_gLocale_mblenInt       0x08008de1    0x34  Code  Gb  xlocale_c.o [3]
_gLocale_wctomb         0x08008e1d     0x4  Code  Gb  xlocale_c.o [3]
_gLocale_wctombInt      0x08008e15     0x4  Code  Gb  xlocale_c.o [3]
_main                   0x08009793          Code  Gb  cmain.o [5]
abort                   0x0800948d     0x6  Code  Gb  abort.o [3]
buffGLcd1Line           0x2000049c    0x14  Data  Gb  main.o [1]
buffGLcd2Line           0x200004b0    0x14  Data  Gb  main.o [1]
buffLightRxData         0x200005f0    0x64  Data  Gb  main.o [1]
buffLightRxDataSave     0x20000654    0x64  Data  Gb  main.o [1]
buffLightRxRfData       0x200002c4    0x64  Data  Gb  main.o [1]
buffSpiReadData         0x2000032c     0x4  Data  Gb  main.o [1]
buffUartRxData          0x200004c4    0x64  Data  Gb  main.o [1]
buffUartRxDataExcute    0x20000260    0x64  Data  Gb  main.o [1]
buffUartRxDataSave      0x20000528    0x64  Data  Gb  main.o [1]
buffUartRxRfData        0x2000058c    0x64  Data  Gb  main.o [1]
cBuzzerCount            0x2000045f     0x1  Data  Gb  main.o [1]
cBuzzerOnOff            0x2000045e     0x1  Data  Gb  main.o [1]
cDisplayEnable          0x200009f4     0x1  Data  Gb  khh_lcd.o [1]
cHc165Position          0x200009d1     0x1  Data  Gb  hc165.o [1]
cHc165ProcessFlag       0x2000025d     0x1  Data  Gb  main.o [1]
cHc165ReadFirstFlag     0x200009d3     0x1  Data  Gb  hc165.o [1]
cHc165ReadFlag          0x200009d2     0x1  Data  Gb  hc165.o [1]
cHc595Position          0x20000149     0x1  Data  Gb  hc595.o [1]
cHc595ReadFirstFlag     0x2000014b     0x1  Data  Gb  hc595.o [1]
cHc595WriteFlag         0x2000014a     0x1  Data  Gb  hc595.o [1]
cLightOffFlag           0x20000994     0x2  Data  Gb  main.o [1]
cLightOnFlag            0x20000992     0x2  Data  Gb  main.o [1]
cLightRXBuffClearCount  0x20000990     0x1  Data  Gb  main.o [1]
cLightRxComplteState    0x2000025c     0x1  Data  Gb  main.o [1]
cLightRxDataCount       0x200009cc     0x1  Data  Gb  usart.o [1]
cLightRxdataCount       0x2000098f     0x1  Data  Gb  main.o [1]
cLightTimingFlag        0x2000025e     0x1  Data  Gb  main.o [1]
cLightUartPercent       0x20000258     0x2  Data  Gb  main.o [1]
cMenuControl            0x2000045c     0x1  Data  Gb  main.o [1]
cPendingRelayCount      0x20000456     0x1  Data  Gb  main.o [1]
cPendingRelayState      0x20000455     0x1  Data  Gb  main.o [1]
cReLcdDisplay           0x2000045d     0x1  Data  Gb  main.o [1]
cRelaySendState         0x20000454     0x1  Data  Gb  main.o [1]
cRelayUploadCount       0x2000098b     0x1  Data  Gb  main.o [1]
cRfFreqRetryCount       0x20000a0a     0x2  Data  Gb  main.o [1]
cRfLegData              0x200009ce     0x1  Data  Gb  rf_modules.o [1]
cRfProcessMode          0x2000025b     0x1  Data  Gb  main.o [1]
cRfRXBuffClearCount     0x2000045b     0x1  Data  Gb  main.o [1]
cRfRetryCount           0x20000a08     0x2  Data  Gb  main.o [1]
cRfSetProcessFlag       0x2000098d     0x1  Data  Gb  main.o [1]
cRfSettingDelay         0x200009f6     0x2  Data  Gb  main.o [1]
cRfSettingState         0x200009cf     0x1  Data  Gb  main.o [1]
cRfTxDelayCount         0x2000045a     0x1  Data  Gb  main.o [1]
cRfTxDelayState         0x20000459     0x1  Data  Gb  main.o [1]
cRfTxEventSendCount     0x2000098e     0x1  Data  Gb  main.o [1]
cRxComplteState         0x20000458     0x1  Data  Gb  main.o [1]
cRxdataCount            0x20000457     0x1  Data  Gb  main.o [1]
cRxdataExcuteCount      0x2000025a     0x1  Data  Gb  main.o [1]
cSaveConfigReverse      0x20000464     0x2  Data  Gb  main.o [1]
cSaveConfigType         0x2000098c     0x1  Data  Gb  main.o [1]
cSwitchDown             0x20000988     0x1  Data  Gb  main.o [1]
cSwitchEnter            0x20000986     0x1  Data  Gb  main.o [1]
cSwitchUp               0x20000987     0x1  Data  Gb  main.o [1]
cUartRxDataCount        0x200009cd     0x1  Data  Gb  rf_modules.o [1]
cVersionCount           0x20000989     0x1  Data  Gb  main.o [1]
cVersionDisplayEnd      0x2000098a     0x1  Data  Gb  main.o [1]
datavack                0x20000a0c     0x1  Data  Gb  sw_panel.o [1]
delay_t                 0x08004835    0x10  Code  Lc  khh_lcd.o [1]
delay_us                0x08004845    0x12  Code  Gb  khh_lcd.o [1]
eHc165TaskState         0x200009d0     0x1  Data  Gb  hc165.o [1]
eHc595TaskState         0x20000148     0x1  Data  Gb  hc595.o [1]
eeprom_8ch_limit_default_value
                        0x080040e1     0x8  Code  Gb  khh_eeprom.o [1]
eeprom_default_value    0x0800409f    0x3a  Code  Gb  khh_eeprom.o [1]
eeprom_pend_default_value
                        0x080040d9     0x8  Code  Gb  khh_eeprom.o [1]
exit                    0x0800979b     0x4  Code  Gb  exit.o [3]
frexp                   0x08009151          Code  Gb  frexp.o [4]
frexpl                  0x08009151          Code  Gb  frexp.o [4]
hc595OutTask            0x08007055    0xec  Code  Gb  hc595.o [1]
hdma_usart1_rx          0x200003b8    0x44  Data  Gb  usart.o [1]
hdma_usart3_rx          0x200003fc    0x44  Data  Gb  usart.o [1]
hiwdg                   0x200009e0     0xc  Data  Gb  iwdg.o [1]
htim1                   0x200007f0    0x40  Data  Gb  tim.o [1]
htim2                   0x20000830    0x40  Data  Gb  tim.o [1]
htim3                   0x20000870    0x40  Data  Gb  tim.o [1]
htim5                   0x200008b0    0x40  Data  Gb  tim.o [1]
huart1                  0x200008f0    0x40  Data  Gb  usart.o [1]
huart3                  0x20000930    0x40  Data  Gb  usart.o [1]
iHc165DataValue         0x200009d8     0x4  Data  Gb  hc165.o [1]
iHc165DataValueBack     0x200009dc     0x4  Data  Gb  hc165.o [1]
iHc165DataValueResult   0x20000a00     0x4  Data  Gb  main.o [1]
iadrr                   0x200009f8     0x4  Data  Gb  eeprom.o [1]
ipageadress             0x200009fc     0x4  Data  Gb  eeprom.o [1]
ldexp                   0x08009221          Code  Gb  ldexp.o [4]
ldexpl                  0x08009221          Code  Gb  ldexp.o [4]
lll_eeprom_init         0x08004091     0xe  Code  Gb  khh_eeprom.o [1]
load_eeprom             0x080040f9    0x40  Code  Gb  khh_eeprom.o [1]
localeconv              0x08008e21     0x4  Code  Gb  xlocale_c.o [3]
main                    0x08002665   0x906  Code  Gb  main.o [1]
memchr                  0x08008ebd          Code  Gb  memchr.o [5]
menu_key_wait           0x20000061     0x1  Data  Gb  menu.o [1]
menu_list               0x08005fe9    0x94  Code  Gb  menu.o [1]
pFlash                  0x20000998    0x20  Data  Gb  stm32f1xx_hal_flash.o [1]
rx_packet_Rf_ch1        0x20000150   0x108  Data  Gb  rf_modules.o [1]
save_all_eeprom         0x08004139    0x2a  Code  Gb  khh_eeprom.o [1]
scalbln                 0x08009221          Code  Gb  ldexp.o [4]
scalblnl                0x08009221          Code  Gb  ldexp.o [4]
scalbn                  0x08009221          Code  Gb  ldexp.o [4]
scalbnl                 0x08009221          Code  Gb  ldexp.o [4]
scale                   0x080084db    0x46  Code  Lc  xprintffull.o [3]
sec_hand                0x20000a04     0x4  Data  Lc  xfail_s.o [3]
setting_mode            0x08005d31   0x2b8  Code  Gb  menu.o [1]
setting_mode::sw_long_add
                        0x20000066     0x2  Data  Lc  menu.o [1]
sprintf                 0x08005559    0x40  Code  Gb  sprintf.o [3]
strLightPacket          0x200009b8    0x14  Data  Gb  usart.o [1]
strRfRxData             0x20000970    0x14  Data  Gb  main.o [1]
strRfTxData             0x20000440    0x14  Data  Gb  main.o [1]
strchr                  0x08008e2d          Code  Gb  strchr.o [5]
strlen                  0x08008e85          Code  Gb  strlen.o [5]
uwTick                  0x200000bc     0x4  Data  Gb  stm32f1xx_hal.o [1]
uwTickFreq              0x200000b8     0x1  Data  Gb  stm32f1xx_hal.o [1]
uwTickPrio              0x200000c0     0x4  Data  Gb  stm32f1xx_hal.o [1]
wHc165TaskCount         0x200009d4     0x2  Data  Gb  hc165.o [1]
wHc595DataValue         0x2000014c     0x2  Data  Gb  hc595.o [1]
wHc595TaskCount         0x2000014e     0x2  Data  Gb  hc595.o [1]
wLedCount               0x20000462     0x2  Data  Gb  main.o [1]
wLightOffCount          0x2000047c     0x8  Data  Gb  main.o [1]
wLightOffProcCount      0x20000494     0x8  Data  Gb  main.o [1]
wLightOffTime           0x20000470     0x4  Data  Gb  main.o [1]
wLightOnCount           0x20000474     0x8  Data  Gb  main.o [1]
wLightOnPercent         0x2000048c     0x8  Data  Gb  main.o [1]
wLightOnProcCount       0x20000484     0x8  Data  Gb  main.o [1]
wLightOnTime            0x2000046c     0x4  Data  Gb  main.o [1]
wLightUartTime          0x20000328     0x4  Data  Gb  main.o [1]
wRelayLedValue          0x20000468     0x2  Data  Gb  main.o [1]


[1] = D:\Users\dawoon1\Desktop\IOT_MCU_WIRERESS\IOT_WIRERESS\EWARM\IOT_WIRERESS\Obj
[2] = command line
[3] = dl7M_tlf.a
[4] = m7M_tl.a
[5] = rt7M_tl.a
[6] = shb_l.a

  39 032 bytes of readonly  code memory
     205 bytes of readonly  data memory
   3 597 bytes of readwrite data memory

Errors: none
Warnings: none
