###############################################################################
#
# IAR ELF Linker V7.70.1.11437/W32 for ARM                24/Apr/2019  16:42:23
# Copyright 2007-2016 IAR Systems AB.
#
#    Output file  =  
#        D:\12.물섭취량조사기\5.Source\Project\backup\STM32F103\STM3210C-EVAL\Exe\Project.out
#    Map file     =  
#        D:\12.물섭취량조사기\5.Source\Project\backup\STM32F103\STM3210C-EVAL\List\Project.map
#    Command line =  
#        D:\12.물섭취량조사기\5.Source\Project\backup\STM32F103\STM3210C-EVAL\Obj\eeprom.o
#        D:\12.물섭취량조사기\5.Source\Project\backup\STM32F103\STM3210C-EVAL\Obj\gpio.o
#        D:\12.물섭취량조사기\5.Source\Project\backup\STM32F103\STM3210C-EVAL\Obj\hw_control.o
#        D:\12.물섭취량조사기\5.Source\Project\backup\STM32F103\STM3210C-EVAL\Obj\khh_eeprom.o
#        D:\12.물섭취량조사기\5.Source\Project\backup\STM32F103\STM3210C-EVAL\Obj\khh_lcd.o
#        D:\12.물섭취량조사기\5.Source\Project\backup\STM32F103\STM3210C-EVAL\Obj\KHH_stm103_RTC.o
#        D:\12.물섭취량조사기\5.Source\Project\backup\STM32F103\STM3210C-EVAL\Obj\Lora_parse.o
#        D:\12.물섭취량조사기\5.Source\Project\backup\STM32F103\STM3210C-EVAL\Obj\lrk_motor.o
#        D:\12.물섭취량조사기\5.Source\Project\backup\STM32F103\STM3210C-EVAL\Obj\main.o
#        D:\12.물섭취량조사기\5.Source\Project\backup\STM32F103\STM3210C-EVAL\Obj\menu.o
#        D:\12.물섭취량조사기\5.Source\Project\backup\STM32F103\STM3210C-EVAL\Obj\misc.o
#        D:\12.물섭취량조사기\5.Source\Project\backup\STM32F103\STM3210C-EVAL\Obj\Rfid_reader.o
#        D:\12.물섭취량조사기\5.Source\Project\backup\STM32F103\STM3210C-EVAL\Obj\RTC_to_sec.o
#        D:\12.물섭취량조사기\5.Source\Project\backup\STM32F103\STM3210C-EVAL\Obj\spi_flash.o
#        D:\12.물섭취량조사기\5.Source\Project\backup\STM32F103\STM3210C-EVAL\Obj\startup_stm32f10x_md.o
#        D:\12.물섭취량조사기\5.Source\Project\backup\STM32F103\STM3210C-EVAL\Obj\stm32f10x_adc.o
#        D:\12.물섭취량조사기\5.Source\Project\backup\STM32F103\STM3210C-EVAL\Obj\stm32f10x_bkp.o
#        D:\12.물섭취량조사기\5.Source\Project\backup\STM32F103\STM3210C-EVAL\Obj\stm32f10x_can.o
#        D:\12.물섭취량조사기\5.Source\Project\backup\STM32F103\STM3210C-EVAL\Obj\stm32f10x_cec.o
#        D:\12.물섭취량조사기\5.Source\Project\backup\STM32F103\STM3210C-EVAL\Obj\stm32f10x_crc.o
#        D:\12.물섭취량조사기\5.Source\Project\backup\STM32F103\STM3210C-EVAL\Obj\stm32f10x_dac.o
#        D:\12.물섭취량조사기\5.Source\Project\backup\STM32F103\STM3210C-EVAL\Obj\stm32f10x_dbgmcu.o
#        D:\12.물섭취량조사기\5.Source\Project\backup\STM32F103\STM3210C-EVAL\Obj\stm32f10x_dma.o
#        D:\12.물섭취량조사기\5.Source\Project\backup\STM32F103\STM3210C-EVAL\Obj\stm32f10x_exti.o
#        D:\12.물섭취량조사기\5.Source\Project\backup\STM32F103\STM3210C-EVAL\Obj\stm32f10x_flash.o
#        D:\12.물섭취량조사기\5.Source\Project\backup\STM32F103\STM3210C-EVAL\Obj\stm32f10x_fsmc.o
#        D:\12.물섭취량조사기\5.Source\Project\backup\STM32F103\STM3210C-EVAL\Obj\stm32f10x_gpio.o
#        D:\12.물섭취량조사기\5.Source\Project\backup\STM32F103\STM3210C-EVAL\Obj\stm32f10x_i2c.o
#        D:\12.물섭취량조사기\5.Source\Project\backup\STM32F103\STM3210C-EVAL\Obj\stm32f10x_it.o
#        D:\12.물섭취량조사기\5.Source\Project\backup\STM32F103\STM3210C-EVAL\Obj\stm32f10x_iwdg.o
#        D:\12.물섭취량조사기\5.Source\Project\backup\STM32F103\STM3210C-EVAL\Obj\stm32f10x_pwr.o
#        D:\12.물섭취량조사기\5.Source\Project\backup\STM32F103\STM3210C-EVAL\Obj\stm32f10x_rcc.o
#        D:\12.물섭취량조사기\5.Source\Project\backup\STM32F103\STM3210C-EVAL\Obj\stm32f10x_rtc.o
#        D:\12.물섭취량조사기\5.Source\Project\backup\STM32F103\STM3210C-EVAL\Obj\stm32f10x_sdio.o
#        D:\12.물섭취량조사기\5.Source\Project\backup\STM32F103\STM3210C-EVAL\Obj\stm32f10x_spi.o
#        D:\12.물섭취량조사기\5.Source\Project\backup\STM32F103\STM3210C-EVAL\Obj\stm32f10x_tim.o
#        D:\12.물섭취량조사기\5.Source\Project\backup\STM32F103\STM3210C-EVAL\Obj\stm32f10x_usart.o
#        D:\12.물섭취량조사기\5.Source\Project\backup\STM32F103\STM3210C-EVAL\Obj\stm32f10x_wwdg.o
#        D:\12.물섭취량조사기\5.Source\Project\backup\STM32F103\STM3210C-EVAL\Obj\system_stm32f10x.o
#        D:\12.물섭취량조사기\5.Source\Project\backup\STM32F103\STM3210C-EVAL\Obj\uart.o
#        D:\12.물섭취량조사기\5.Source\Project\backup\STM32F103\STM3210C-EVAL\Obj\w_weight.o
#        D:\12.물섭취량조사기\5.Source\Project\backup\STM32F103\STM3210C-EVAL\Obj\water_intake.o
#        D:\12.물섭취량조사기\5.Source\Project\backup\STM32F103\STM3210C-EVAL\Obj\water_intake_mram_menage.o
#        --redirect _Printf=_PrintfFull --redirect _Scanf=_ScanfFull -o
#        D:\12.물섭취량조사기\5.Source\Project\backup\STM32F103\STM3210C-EVAL\Exe\Project.out
#        --map
#        D:\12.물섭취량조사기\5.Source\Project\backup\STM32F103\STM3210C-EVAL\List\Project.map
#        --config
#        D:\12.물섭취량조사기\5.Source\Project\backup\STM32F103\..\..\..\Utilities\STM32_EVAL\linker\stm32f10x_flash.icf
#        --semihosting --entry __iar_program_start --vfe
#
###############################################################################

*******************************************************************************
*** RUNTIME MODEL ATTRIBUTES
***

CppFlavor                     = *
__Heap_Handler                = Basic
__SystemLibrary               = DLib
__dlib_dynamic_initialization = normal


*******************************************************************************
*** PLACEMENT SUMMARY
***

"A0":  place at 0x08000000 { ro section .intvec };
"P1":  place in [from 0x08000000 to 0x0800ffff] { ro };
"P2":  place in [from 0x20000000 to 0x20004fff] { rw, block CSTACK, block HEAP };
initialize by copy { rw };

  Section             Kind        Address    Size  Object
  -------             ----        -------    ----  ------
"A0":                                        0xec
  .intvec             ro code  0x08000000    0xec  startup_stm32f10x_md.o [1]
                             - 0x080000ec    0xec

"P1":                                      0x51aa
  .text               ro code  0x080000ec  0x118a  xprintffull.o [3]
  .text               ro code  0x08001276    0x20  xmbtowc.o [3]
  .text               ro code  0x08001296     0xa  xsprout.o [3]
  .text               ro code  0x080012a0    0x16  strchr.o [5]
  .text               ro code  0x080012b8    0x36  strlen.o [5]
  .text               ro code  0x080012f0    0x58  memchr.o [5]
  .text               ro code  0x08001348     0xa  xmbcurmax.o [3]
  .text               ro code  0x08001354    0xb0  xxmemxmalloc.o [3]
  .text               ro code  0x08001404    0x1a  xwctomb.o [3]
  .text               ro code  0x08001420    0x76  ABImemcpy_unaligned.o [5]
  .text               ro code  0x08001498    0x80  xxmemxfree.o [3]
  .text               ro code  0x08001518    0xee  I64DivMod.o [5]
  .text               ro code  0x08001606    0x44  xdnorm.o [4]
  .text               ro code  0x0800164c    0x2e  DblCmpLe.o [4]
  .text               ro code  0x0800167c    0x2e  DblCmpGe.o [4]
  .text               ro code  0x080016ac   0x10c  xdscale.o [4]
  .text               ro code  0x080017b8    0x58  DblToI32.o [4]
  .text               ro code  0x08001810    0x30  I32ToDbl.o [4]
  .text               ro code  0x08001840   0x180  DblSub.o [4]
  .text               ro code  0x080019c0   0x1a2  DblMul.o [4]
  .text               ro code  0x08001b64   0x256  DblDiv.o [4]
  .text               ro code  0x08001dbc    0x6c  localeconv.o [3]
  .text               ro code  0x08001e28     0xe  div.o [3]
  .text               ro code  0x08001e38    0x24  setlocale.o [3]
  .text               ro code  0x08001e5c    0x60  xencoding_sb.o [3]
  .text               ro code  0x08001ebc    0x2c  xgetmemchunk.o [3]
  .text               ro code  0x08001ee8     0x2  I64DivZer.o [5]
  .text               ro code  0x08001eec    0xd4  DblAdd.o [4]
  .text               ro code  0x08001fc0     0x2  xtls.o [3]
  .text               ro code  0x08001fc4   0x594  khh_lcd.o [1]
  .text               ro code  0x08002558   0x2a8  hw_control.o [1]
  .text               ro code  0x08002800   0x168  stm32f10x_gpio.o [1]
  .text               ro code  0x08002968   0x12c  stm32f10x_rcc.o [1]
  .text               ro code  0x08002a94   0x374  main.o [1]
  .text               ro code  0x08002e08    0x90  misc.o [1]
  .text               ro code  0x08002e98   0x156  KHH_stm103_RTC.o [1]
  .text               ro code  0x08002ff0    0xe4  gpio.o [1]
  .text               ro code  0x080030d4   0x298  uart.o [1]
  .text               ro code  0x0800336c   0x1d8  water_intake_mram_menage.o [1]
  .text               ro code  0x08003544   0x354  spi_flash.o [1]
  .text               ro code  0x08003898   0x448  menu.o [1]
  .text               ro code  0x08003ce0    0x34  sprintf.o [3]
  .text               ro code  0x08003d14   0x468  Lora_parse.o [1]
  .text               ro code  0x0800417c   0x15c  Rfid_reader.o [1]
  .text               ro code  0x080042d8   0x418  water_intake.o [1]
  .text               ro code  0x080046f0    0x4c  stm32f10x_bkp.o [1]
  .text               ro code  0x0800473c    0x78  stm32f10x_rtc.o [1]
  .text               ro code  0x080047b4     0xc  stm32f10x_pwr.o [1]
  .text               ro code  0x080047c0   0x120  RTC_to_sec.o [1]
  .text               ro code  0x080048e0    0x90  stm32f10x_exti.o [1]
  .text               ro code  0x08004970   0x150  stm32f10x_usart.o [1]
  .text               ro code  0x08004ac0   0x10c  w_weight.o [1]
  .text               ro code  0x08004bcc    0x62  stm32f10x_spi.o [1]
  .text               ro code  0x08004c2e    0x2e  strstr.o [3]
  .text               ro code  0x08004c5c     0x6  ABImemclr4.o [5]
  .text               ro code  0x08004c64    0x3d  strtok_r.o [3]
  .text               ro code  0x08004ca4   0x198  xstoul.o [3]
  .text               ro code  0x08004e3c     0x6  ABImemclr.o [5]
  .text               ro code  0x08004e44    0x32  ABImemset48.o [5]
  .text               ro code  0x08004e76    0x24  strspn.o [3]
  .text               ro code  0x08004e9a    0x24  strcspn.o [3]
  .text               ro code  0x08004ebe    0x14  isxxx.o [3]
  .text               ro code  0x08004ed2    0x14  tolower.o [3]
  .text               ro code  0x08004ee8     0xc  errno.o [3]
  .text               ro code  0x08004ef4    0x5e  ABImemset.o [5]
  .text               ro code  0x08004f52    0x14  xlocale_c.o [3]
  .text               ro code  0x08004f66     0xc  xlocale_c.o [3]
  .text               ro code  0x08004f74    0xec  system_stm32f10x.o [1]
  .text               ro code  0x08005060    0x40  zero_init3.o [5]
  .text               ro code  0x080050a0    0x38  packbits_init_single.o [5]
  .text               ro code  0x080050d8    0x28  data_init.o [5]
  .iar.init_table     const    0x08005100    0x20  - Linker created -
  .text               ro code  0x08005120    0x1a  cmain.o [5]
  .text               ro code  0x0800513a     0x4  low_level_init.o [3]
  .text               ro code  0x0800513e     0x4  exit.o [3]
  .text               ro code  0x08005144     0xa  cexit.o [5]
  .text               ro code  0x08005150    0x14  exit.o [6]
  .text               ro code  0x08005164    0x10  startup_stm32f10x_md.o [1]
  .text               ro code  0x08005174    0x10  stm32f10x_it.o [1]
  .text               ro code  0x08005184     0xc  cstartup_M.o [5]
  .text               ro code  0x08005190     0x4  startup_stm32f10x_md.o [1]
  .text               ro code  0x08005194     0x4  startup_stm32f10x_md.o [1]
  .text               ro code  0x08005198     0x4  startup_stm32f10x_md.o [1]
  .text               ro code  0x0800519c     0x4  startup_stm32f10x_md.o [1]
  .text               ro code  0x080051a0     0x4  startup_stm32f10x_md.o [1]
  .text               ro code  0x080051a4     0x4  startup_stm32f10x_md.o [1]
  .text               ro code  0x080051a8     0x4  startup_stm32f10x_md.o [1]
  .text               ro code  0x080051ac     0x4  startup_stm32f10x_md.o [1]
  .text               ro code  0x080051b0     0x4  startup_stm32f10x_md.o [1]
  .text               ro code  0x080051b4     0x4  startup_stm32f10x_md.o [1]
  .text               ro code  0x080051b8     0x4  startup_stm32f10x_md.o [1]
  .text               ro code  0x080051bc     0x4  startup_stm32f10x_md.o [1]
  .text               ro code  0x080051c0     0x4  startup_stm32f10x_md.o [1]
  .text               ro code  0x080051c4     0x4  startup_stm32f10x_md.o [1]
  .text               ro code  0x080051c8     0x4  startup_stm32f10x_md.o [1]
  .text               ro code  0x080051cc     0x4  startup_stm32f10x_md.o [1]
  .text               ro code  0x080051d0     0x4  startup_stm32f10x_md.o [1]
  .text               ro code  0x080051d4     0x4  startup_stm32f10x_md.o [1]
  .text               ro code  0x080051d8     0x4  startup_stm32f10x_md.o [1]
  .text               ro code  0x080051dc     0x4  startup_stm32f10x_md.o [1]
  .text               ro code  0x080051e0     0x4  startup_stm32f10x_md.o [1]
  .text               ro code  0x080051e4     0x4  startup_stm32f10x_md.o [1]
  .text               ro code  0x080051e8     0x4  startup_stm32f10x_md.o [1]
  .text               ro code  0x080051ec     0x4  startup_stm32f10x_md.o [1]
  .text               ro code  0x080051f0     0x4  startup_stm32f10x_md.o [1]
  .text               ro code  0x080051f4     0x4  startup_stm32f10x_md.o [1]
  .text               ro code  0x080051f8     0x4  startup_stm32f10x_md.o [1]
  .text               ro code  0x080051fc     0x4  startup_stm32f10x_md.o [1]
  .text               ro code  0x08005200     0x4  startup_stm32f10x_md.o [1]
  .text               ro code  0x08005204     0x4  startup_stm32f10x_md.o [1]
  .text               ro code  0x08005208     0x4  startup_stm32f10x_md.o [1]
  .text               ro code  0x0800520c     0x4  startup_stm32f10x_md.o [1]
  .text               ro code  0x08005210     0x4  startup_stm32f10x_md.o [1]
  .text               ro code  0x08005214     0x4  startup_stm32f10x_md.o [1]
  .text               ro code  0x08005218     0x4  startup_stm32f10x_md.o [1]
  .text               ro code  0x0800521c     0x4  startup_stm32f10x_md.o [1]
  .text               ro code  0x08005220     0x4  startup_stm32f10x_md.o [1]
  .text               ro code  0x08005224     0x4  startup_stm32f10x_md.o [1]
  .rodata             const    0x08005228     0x0  zero_init3.o [5]
  .rodata             const    0x08005228     0x0  packbits_init_single.o [5]
  Initializer bytes   const    0x08005228    0x6e  <for P2-1>
                             - 0x08005296  0x51aa

"P2", part 1 of 3:                          0x188
  P2-1                         0x20000000   0x188  <Init block>
    .data             inited   0x20000000    0x10  hw_control.o [1]
    .data             inited   0x20000010    0x30  menu.o [1]
    .data             inited   0x20000040    0x34  RTC_to_sec.o [1]
    .data             inited   0x20000074    0x14  stm32f10x_rcc.o [1]
    __DLIB_PERTHREAD  inited   0x20000088     0x4  errno.o [3]
    __DLIB_PERTHREAD  inited   0x2000008c    0x88  localeconv.o [3]
    __DLIB_PERTHREAD  inited   0x20000114    0x74  setlocale.o [3]
                             - 0x20000188   0x188

"P2", part 2 of 3:                          0x600
  CSTACK                       0x20000188   0x400  <Block>
    CSTACK            uninit   0x20000188   0x400  <Block tail>
  HEAP                         0x20000588   0x200  <Block>
    HEAP              uninit   0x20000588   0x200  <Block tail>
                             - 0x20000788   0x600

"P2", part 3 of 3:                          0xdf8
  .bss                zero     0x20000788   0x408  uart.o [1]
  .bss                zero     0x20000b90   0x408  uart.o [1]
  .bss                zero     0x20000f98   0x190  water_intake_mram_menage.o [1]
  .bss                zero     0x20001128   0x144  Lora_parse.o [1]
  .bss                zero     0x2000126c   0x100  Lora_parse.o [1]
  .bss                zero     0x2000136c    0x68  w_weight.o [1]
  .bss                zero     0x200013d4    0x64  w_weight.o [1]
  .bss                zero     0x20001438    0x4c  Rfid_reader.o [1]
  .bss                zero     0x20001484    0x3c  water_intake.o [1]
  .bss                zero     0x200014c0    0x2c  main.o [1]
  .bss                zero     0x200014ec    0x24  KHH_stm103_RTC.o [1]
  .bss                zero     0x20001510    0x1c  Lora_parse.o [1]
  .bss                zero     0x2000152c    0x18  khh_eeprom.o [1]
  .bss                zero     0x20001544    0x14  hw_control.o [1]
  .bss                zero     0x20001558     0x8  khh_lcd.o [1]
  .bss                zero     0x20001560     0x8  xxmemxmalloc.o [3]
  .bss                zero     0x20001568     0x4  gpio.o [1]
  .bss                zero     0x2000156c     0x4  gpio.o [1]
  .bss                zero     0x20001570     0x4  KHH_stm103_RTC.o [1]
  .bss                zero     0x20001574     0x4  xgetmemchunk.o [3]
  .bss                zero     0x20001578     0x2  lrk_motor.o [1]
  .bss                zero     0x2000157a     0x2  main.o [1]
  .bss                zero     0x2000157c     0x1  spi_flash.o [1]
  .bss                zero     0x2000157d     0x1  water_intake.o [1]
                             - 0x2000157e   0xdf6


*******************************************************************************
*** INIT TABLE
***

          Address     Size
          -------     ----
Zero (__iar_zero_init3)
    1 destination range, total size 0xdf6:
          0x20000788  0xdf6

Copy/packbits (__iar_packbits_init_single3)
    1 source range, total size 0x6e (28% of destination):
          0x08005228   0x6e
    1 destination range, total size 0x188:
          0x20000000  0x188



*******************************************************************************
*** MODULE SUMMARY
***

    Module                      ro code  ro data  rw data
    ------                      -------  -------  -------
D:\12.물섭취량조사기\5.Source\Project\backup\STM32F103\STM3210C-EVAL\Obj: [1]
    KHH_stm103_RTC.o                342                40
    Lora_parse.o                  1 128               608
    RTC_to_sec.o                    288       15       52
    Rfid_reader.o                   348                76
    gpio.o                          228                 8
    hw_control.o                    680        4       36
    khh_eeprom.o                                       24
    khh_lcd.o                     1 428                 8
    lrk_motor.o                                         2
    main.o                          884                46
    menu.o                        1 096       13       48
    misc.o                          144
    spi_flash.o                     852                 1
    startup_stm32f10x_md.o          404
    stm32f10x_bkp.o                  76
    stm32f10x_exti.o                144
    stm32f10x_gpio.o                360
    stm32f10x_it.o                   16
    stm32f10x_pwr.o                  12
    stm32f10x_rcc.o                 300        6       20
    stm32f10x_rtc.o                 120
    stm32f10x_spi.o                  98
    stm32f10x_usart.o               336
    system_stm32f10x.o              236
    uart.o                          664             2 064
    w_weight.o                      268               204
    water_intake.o                1 048                61
    water_intake_mram_menage.o      472               400
    -----------------------------------------------------
    Total:                       11 972       38    3 698

command line: [2]
    -----------------------------------------------------
    Total:

dl7M_tlf.a: [3]
    div.o                            14
    errno.o                          12        1        4
    exit.o                            4
    isxxx.o                          20
    localeconv.o                    108       38      136
    low_level_init.o                  4
    setlocale.o                      36       32      116
    sprintf.o                        52
    strcspn.o                        36
    strspn.o                         36
    strstr.o                         46
    strtok_r.o                       61
    tolower.o                        20
    xencoding_sb.o                   96
    xgetmemchunk.o                   44                 4
    xlocale_c.o                      32
    xmbcurmax.o                      10
    xmbtowc.o                        32
    xprintffull.o                 4 490
    xsprout.o                        10
    xstoul.o                        408
    xtls.o                            2
    xwctomb.o                        26
    xxmemxfree.o                    128
    xxmemxmalloc.o                  176                 8
    -----------------------------------------------------
    Total:                        5 903       71      268

m7M_tl.a: [4]
    DblAdd.o                        212
    DblCmpGe.o                       46
    DblCmpLe.o                       46
    DblDiv.o                        598
    DblMul.o                        418
    DblSub.o                        384
    DblToI32.o                       88
    I32ToDbl.o                       48
    xdnorm.o                         68
    xdscale.o                       268
    -----------------------------------------------------
    Total:                        2 176

rt7M_tl.a: [5]
    ABImemclr.o                       6
    ABImemclr4.o                      6
    ABImemcpy_unaligned.o           118
    ABImemset.o                      94
    ABImemset48.o                    50
    I64DivMod.o                     238
    I64DivZer.o                       2
    cexit.o                          10
    cmain.o                          26
    cstartup_M.o                     12
    data_init.o                      40
    memchr.o                         88
    packbits_init_single.o           56
    strchr.o                         22
    strlen.o                         54
    zero_init3.o                     64
    -----------------------------------------------------
    Total:                          886

shb_l.a: [6]
    exit.o                           20
    -----------------------------------------------------
    Total:                           20

    Gaps                             43
    Linker created                            33    1 536
---------------------------------------------------------
    Grand Total:                 21 000      142    5 502


*******************************************************************************
*** ENTRY LIST
***

Entry                      Address   Size  Type      Object
-----                      -------   ----  ----      ------
.iar.init_table$$Base   0x08005100          --   Gb  - Linker created -
.iar.init_table$$Limit  0x08005120          --   Gb  - Linker created -
?main                   0x08005121         Code  Gb  cmain.o [5]
ADCPrescTable           0x20000084    0x4  Data  Lc  stm32f10x_rcc.o [1]
APBAHBPrescTable        0x20000074   0x10  Data  Lc  stm32f10x_rcc.o [1]
BKP_DeInit              0x080046f1   0x16  Code  Gb  stm32f10x_bkp.o [1]
BKP_ReadBackupRegister  0x0800471f   0x18  Code  Gb  stm32f10x_bkp.o [1]
BKP_WriteBackupRegister
                        0x08004707   0x18  Code  Gb  stm32f10x_bkp.o [1]
Base_time               0x20001128   0x24  Data  Gb  Lora_parse.o [1]
BusFault_Handler        0x0800517b    0x2  Code  Gb  stm32f10x_it.o [1]
CSTACK$$Base            0x20000188          --   Gb  - Linker created -
CSTACK$$Limit           0x20000588          --   Gb  - Linker created -
Config                  0x2000152c   0x18  Data  Gb  khh_eeprom.o [1]
ContentLength           0x20001260    0x2  Data  Gb  Lora_parse.o [1]
DaysToMonth             0x20000040   0x34  Data  Gb  RTC_to_sec.o [1]
DebugMon_Handler        0x08005181    0x2  Code  Gb  stm32f10x_it.o [1]
Delay                   0x080025b1    0xe  Code  Gb  hw_control.o [1]
EXTI0_IRQHandler        0x08003065   0x24  Code  Gb  gpio.o [1]
EXTI1_IRQHandler        0x08003089   0x24  Code  Gb  gpio.o [1]
EXTI9_0_Config          0x08002ff1   0x74  Code  Gb  gpio.o [1]
EXTI_ClearITPendingBit  0x0800495f    0x6  Code  Gb  stm32f10x_exti.o [1]
EXTI_GetITStatus        0x08004949   0x16  Code  Gb  stm32f10x_exti.o [1]
EXTI_Init               0x080048e1   0x68  Code  Gb  stm32f10x_exti.o [1]
FET_value               0x200014c0   0x14  Data  Gb  main.o [1]
FLASH_Statusx           0x2000157c    0x1  Data  Gb  spi_flash.o [1]
FULL_Water_Error        0x200014dd    0x1  Data  Gb  main.o [1]
Full_water_check_cnt    0x200014e4    0x2  Data  Gb  main.o [1]
GPIO_Configuration      0x080026b5   0xdc  Code  Gb  hw_control.o [1]
GPIO_EXTILineConfig     0x0800293b   0x24  Code  Gb  stm32f10x_gpio.o [1]
GPIO_Init               0x08002801   0xbe  Code  Gb  stm32f10x_gpio.o [1]
GPIO_PinRemapConfig     0x080028df   0x5c  Code  Gb  stm32f10x_gpio.o [1]
GPIO_ReadInputDataBit   0x080028bf    0xe  Code  Gb  stm32f10x_gpio.o [1]
GPIO_ResetBits          0x080028d1    0x4  Code  Gb  stm32f10x_gpio.o [1]
GPIO_SetBits            0x080028cd    0x4  Code  Gb  stm32f10x_gpio.o [1]
GPIO_WriteBit           0x080028d5    0xa  Code  Gb  stm32f10x_gpio.o [1]
GetTime_min             0x08002fcf   0x20  Code  Gb  KHH_stm103_RTC.o [1]
Get_Date                0x08002fa7   0x28  Code  Gb  KHH_stm103_RTC.o [1]
HEAP$$Base              0x20000588          --   Gb  - Linker created -
HEAP$$Limit             0x20000788          --   Gb  - Linker created -
HardFault_Handler       0x08005177    0x2  Code  Gb  stm32f10x_it.o [1]
Input_cnt               0x200014d4    0x8  Data  Gb  main.o [1]
Input_value             0x20001578    0x2  Data  Gb  lrk_motor.o [1]
Intake_Head             0x0800336d   0x24  Code  Gb  water_intake_mram_menage.o [1]
Intake_head_increment   0x08003391   0x44  Code  Gb  water_intake_mram_menage.o [1]
Intake_page_all_enable  0x080033d5   0x54  Code  Gb  water_intake_mram_menage.o [1]
LCD_init                0x08001fc5  0x36c  Code  Gb  khh_lcd.o [1]
LoadInt                 0x08000753   0x6e  Code  Lc  xprintffull.o [3]
Lora_wintake            0x20001510   0x18  Data  Gb  Lora_parse.o [1]
MAX_Value               0x20000028   0x18  Data  Gb  menu.o [1]
MemManage_Handler       0x08005179    0x2  Code  Gb  stm32f10x_it.o [1]
Menu                    0x20000023    0x1  Data  Gb  menu.o [1]
Mode_delay              0x200014e0    0x2  Data  Gb  main.o [1]
Mram_intake_address     0x20000f98  0x190  Data  Gb  water_intake_mram_menage.o [1]
NMI_Handler             0x08005175    0x2  Code  Gb  stm32f10x_it.o [1]
NVIC_Configuration      0x08002605   0xb0  Code  Gb  hw_control.o [1]
NVIC_Init               0x08002e13   0x5c  Code  Gb  misc.o [1]
NVIC_PriorityGroupConfig
                        0x08002e09    0xa  Code  Gb  misc.o [1]
NVIC_SetVectorTable     0x08002e6f    0xc  Code  Gb  misc.o [1]
Now                     0x200014ec   0x24  Data  Gb  KHH_stm103_RTC.o [1]
Oper_Cnt                0x2000149c    0x1  Data  Gb  water_intake.o [1]
PWR_BackupAccessCmd     0x080047b5    0x6  Code  Gb  stm32f10x_pwr.o [1]
Parse_st                0x200013d4   0x50  Data  Gb  w_weight.o [1]
PendSV_Handler          0x08005183    0x2  Code  Gb  stm32f10x_it.o [1]
RCC_APB1PeriphClockCmd  0x08002a23   0x12  Code  Gb  stm32f10x_rcc.o [1]
RCC_APB2PeriphClockCmd  0x08002a11   0x12  Code  Gb  stm32f10x_rcc.o [1]
RCC_BackupResetCmd      0x08002a35    0x6  Code  Gb  stm32f10x_rcc.o [1]
RCC_ClearFlag           0x08002a5b    0xc  Code  Gb  stm32f10x_rcc.o [1]
RCC_GetClocksFreq       0x0800298f   0x82  Code  Gb  stm32f10x_rcc.o [1]
RCC_GetFlagStatus       0x08002a3b   0x20  Code  Gb  stm32f10x_rcc.o [1]
RCC_LSEConfig           0x08002969   0x16  Code  Gb  stm32f10x_rcc.o [1]
RCC_RTCCLKCmd           0x08002989    0x6  Code  Gb  stm32f10x_rcc.o [1]
RCC_RTCCLKConfig        0x0800297f    0xa  Code  Gb  stm32f10x_rcc.o [1]
RFID_rx_buffer          0x20001454   0x28  Data  Gb  Rfid_reader.o [1]
RFID_rx_point_head      0x2000147c    0x4  Data  Gb  Rfid_reader.o [1]
RFID_rx_point_tail      0x20001480    0x4  Data  Gb  Rfid_reader.o [1]
RTC_BinaryToDate        0x08004827   0xb6  Code  Gb  RTC_to_sec.o [1]
RTC_Configuration       0x08002f0b   0x54  Code  Gb  KHH_stm103_RTC.o [1]
RTC_DateToBinary        0x080047c1   0x66  Code  Gb  RTC_to_sec.o [1]
RTC_GetCounter          0x0800473d    0xc  Code  Gb  stm32f10x_rtc.o [1]
RTC_Init                0x08002e99   0x72  Code  Gb  KHH_stm103_RTC.o [1]
RTC_SetCounter          0x08004749   0x1c  Code  Gb  stm32f10x_rtc.o [1]
RTC_SetPrescaler        0x08004765   0x20  Code  Gb  stm32f10x_rtc.o [1]
RTC_WaitForLastTask     0x08004785   0x10  Code  Gb  stm32f10x_rtc.o [1]
RTC_WaitForSynchro      0x08004795   0x14  Code  Gb  stm32f10x_rtc.o [1]
R_IR_check              0x08002d0f    0x6  Code  Gb  main.o [1]
R_IR_check2             0x08002d15    0x6  Code  Gb  main.o [1]
R_MaxWater_check::ret   0x200014e8    0x4  Data  Lc  main.o [1]
R_rfid_check            0x08002d1b   0x1a  Code  Gb  main.o [1]
R_rfid_clear            0x08002d35   0x18  Code  Gb  main.o [1]
R_setting_menu::cnt_time
                        0x200014e6    0x2  Data  Lc  main.o [1]
R_setting_menu::view_flag
                        0x200014df    0x1  Data  Lc  main.o [1]
Recv_data_ok            0x20001528    0x1  Data  Gb  Lora_parse.o [1]
Recv_data_order         0x2000125f    0x1  Data  Gb  Lora_parse.o [1]
Recv_parse_num          0x2000125e    0x1  Data  Gb  Lora_parse.o [1]
Region$$Table$$Base     0x08005100          --   Gb  - Linker created -
Region$$Table$$Limit    0x08005120          --   Gb  - Linker created -
Run_wait                0x200014a2    0x2  Data  Gb  water_intake.o [1]
SPI_Cmd                 0x08004c05   0x14  Code  Gb  stm32f10x_spi.o [1]
SPI_FLASH_BufferRead    0x080037b1   0xd6  Code  Gb  spi_flash.o [1]
SPI_FLASH_Init          0x08003545   0xf8  Code  Gb  spi_flash.o [1]
SPI_FLASH_PageWrite     0x0800363d  0x174  Code  Gb  spi_flash.o [1]
SPI_I2S_GetFlagStatus   0x08004c21    0xe  Code  Gb  stm32f10x_spi.o [1]
SPI_I2S_ReceiveData     0x08004c1d    0x4  Code  Gb  stm32f10x_spi.o [1]
SPI_I2S_SendData        0x08004c19    0x4  Code  Gb  stm32f10x_spi.o [1]
SPI_Init                0x08004bcd   0x38  Code  Gb  stm32f10x_spi.o [1]
SVC_Handler             0x0800517f    0x2  Code  Gb  stm32f10x_it.o [1]
SW_Cnt                  0x2000001c    0x4  Data  Gb  menu.o [1]
SW_L                    0x20000014    0x4  Data  Gb  menu.o [1]
SW_Push                 0x20000018    0x4  Data  Gb  menu.o [1]
SW_S                    0x20000010    0x4  Data  Gb  menu.o [1]
SW_check                0x08003899   0xce  Code  Gb  menu.o [1]
Send_lora_packet        0x0800404d   0x6e  Code  Gb  Lora_parse.o [1]
Send_status_packet      0x08003fc7   0x82  Code  Gb  Lora_parse.o [1]
Send_wintake_packet     0x08003f57   0x70  Code  Gb  Lora_parse.o [1]
Setting_delay           0x20000024    0x2  Data  Gb  menu.o [1]
Setting_enable          0x20000020    0x1  Data  Gb  menu.o [1]
Setting_time_out        0x200014de    0x1  Data  Gb  main.o [1]
Stable_run_flag         0x200014dc    0x1  Data  Gb  main.o [1]
Stable_water_delay      0x200014e2    0x2  Data  Gb  main.o [1]
Stable_weight           0x2000149e    0x2  Data  Gb  water_intake.o [1]
Stable_weight_ch1       0x20001424    0x2  Data  Gb  w_weight.o [1]
Stable_weight_ch2       0x20001428    0x2  Data  Gb  w_weight.o [1]
Sub_lora_process        0x080040e9    0x2  Code  Gb  Lora_parse.o [1]
SysTick_Handler         0x08002559   0x52  Code  Gb  hw_control.o [1]
SystemInit              0x08004f75   0xd8  Code  Gb  system_stm32f10x.o [1]
TM_HD44780_Cmd          0x080023cb   0x20  Code  Gb  khh_lcd.o [1]
TM_HD44780_Cmd4bit      0x080023eb   0x76  Code  Gb  khh_lcd.o [1]
TM_HD44780_InitPins     0x08002331   0x9a  Code  Gb  khh_lcd.o [1]
TM_HD44780_Opts         0x20001558    0x8  Data  Gb  khh_lcd.o [1]
TM_HD44780_Puts         0x08002461   0xe0  Code  Gb  khh_lcd.o [1]
Tflag_1ms               0x2000000c    0x4  Data  Gb  hw_control.o [1]
Time_Adjust             0x08002f5f   0x22  Code  Gb  KHH_stm103_RTC.o [1]
U1_rx_buffer            0x20000788  0x400  Data  Gb  uart.o [1]
U1_rx_point_head        0x20000b88    0x4  Data  Gb  uart.o [1]
U1_rx_point_tail        0x20000b8c    0x4  Data  Gb  uart.o [1]
U3_rx_buffer            0x20000b90  0x400  Data  Gb  uart.o [1]
U3_rx_point_head        0x20000f90    0x4  Data  Gb  uart.o [1]
U3_rx_point_tail        0x20000f94    0x4  Data  Gb  uart.o [1]
UART_init               0x080031df  0x14a  Code  Gb  uart.o [1]
USART1_IRQHandler       0x0800312d   0x40  Code  Gb  uart.o [1]
USART2_IRQHandler       0x0800316d   0x32  Code  Gb  uart.o [1]
USART3_IRQHandler       0x0800319f   0x40  Code  Gb  uart.o [1]
USART_ClearITPendingBit
                        0x08004ab1   0x10  Code  Gb  stm32f10x_usart.o [1]
USART_Cmd               0x08004a11   0x14  Code  Gb  stm32f10x_usart.o [1]
USART_GetFlagStatus     0x08004a65    0xe  Code  Gb  stm32f10x_usart.o [1]
USART_GetITStatus       0x08004a73   0x3e  Code  Gb  stm32f10x_usart.o [1]
USART_ITConfig          0x08004a25   0x30  Code  Gb  stm32f10x_usart.o [1]
USART_Init              0x08004971   0x9c  Code  Gb  stm32f10x_usart.o [1]
USART_ReceiveData       0x08004a5d    0x8  Code  Gb  stm32f10x_usart.o [1]
USART_SendData          0x08004a55    0x8  Code  Gb  stm32f10x_usart.o [1]
Uart_puts               0x08003345   0x28  Code  Gb  uart.o [1]
UsageFault_Handler      0x0800517d    0x2  Code  Gb  stm32f10x_it.o [1]
W_Intake                0x20001484   0x18  Data  Gb  water_intake.o [1]
W_Intake_Time           0x200014b8    0x4  Data  Gb  water_intake.o [1]
Water_pcnt1_clear       0x080030b3    0x8  Code  Gb  gpio.o [1]
Water_pcnt1_read        0x080030ad    0x6  Code  Gb  gpio.o [1]
Water_pcnt2_clear       0x080030c1    0x8  Code  Gb  gpio.o [1]
Water_pcnt2_read        0x080030bb    0x6  Code  Gb  gpio.o [1]
Wbuf                    0x20001370   0x64  Data  Gb  w_weight.o [1]
Weight_Dim              0x2000142c    0xc  Data  Gb  w_weight.o [1]
_EncodingSb_Mbtowc      0x08001e77   0x30  Code  Gb  xencoding_sb.o [3]
_EncodingSb_Mbtowc::initial
                        0x08001eb4    0x8  Data  Lc  xencoding_sb.o [3]
_EncodingSb_Wctomb      0x08001e5d   0x1a  Code  Gb  xencoding_sb.o [3]
_EncodingSb_Wctomb::initial
                        0x08001eac    0x8  Data  Lc  xencoding_sb.o [3]
_GenldFull              0x08000fd9  0x254  Code  Lc  xprintffull.o [3]
_IsdstStr               0x20000118    0x4  Data  Gb  setlocale.o [3]
_LdtobFull              0x08000bd9  0x3fa  Code  Lc  xprintffull.o [3]
_LitobFull              0x08000acd  0x10a  Code  Lc  xprintffull.o [3]
_LocaleC_isspace        0x08004f53   0x14  Code  Gb  xlocale_c.o [3]
_LocaleC_tolower        0x08004f67    0xc  Code  Gb  xlocale_c.o [3]
_LocaleEncoding         0x08001e4b    0xe  Code  Gb  setlocale.o [3]
_LocaleForCat           0x08001e39   0x12  Code  Gb  setlocale.o [3]
_LocaleReturnString     0x20000138   0x50  Data  Lc  setlocale.o [3]
_Locale_Profile         0x2000011c   0x1c  Data  Gb  setlocale.o [3]
_Locale_aeabi_lconv     0x200000dc   0x38  Data  Gb  localeconv.o [3]
_Locale_lconv           0x2000008c   0x50  Data  Gb  localeconv.o [3]
_Mbtowc                 0x08001277   0x20  Code  Gb  xmbtowc.o [3]
_PrintfFull             0x080000ed  0x650  Code  Gb  xprintffull.o [3]
_PutcharsFull           0x0800122d   0x2e  Code  Lc  xprintffull.o [3]
_PutstrFull             0x080007c1  0x306  Code  Lc  xprintffull.o [3]
_SProut                 0x08001297    0xa  Code  Gb  xsprout.o [3]
_TzoneStr               0x20000114    0x4  Data  Gb  setlocale.o [3]
_Wctomb                 0x08001405   0x1a  Code  Gb  xwctomb.o [3]
__aeabi_cdcmple         0x0800164d         Code  Gb  DblCmpLe.o [4]
__aeabi_cdrcmple        0x0800167d         Code  Gb  DblCmpGe.o [4]
__aeabi_d2iz            0x080017b9         Code  Gb  DblToI32.o [4]
__aeabi_d2uiz           0x080017e5         Code  Gb  DblToI32.o [4]
__aeabi_ddiv            0x08001b65         Code  Gb  DblDiv.o [4]
__aeabi_dmul            0x080019c1         Code  Gb  DblMul.o [4]
__aeabi_dsub            0x08001841         Code  Gb  DblSub.o [4]
__aeabi_errno_addr      0x08004ee9    0x6  Code  Gb  errno.o [3]
__aeabi_i2d             0x08001811         Code  Gb  I32ToDbl.o [4]
__aeabi_ldiv0           0x08001ee9         Code  Gb  I64DivZer.o [5]
__aeabi_memclr          0x08004e3d         Code  Gb  ABImemclr.o [5]
__aeabi_memclr4         0x08004c5d         Code  Gb  ABImemclr4.o [5]
__aeabi_ui2d            0x08001825         Code  Gb  I32ToDbl.o [4]
__aeabi_uldivmod        0x08001519         Code  Gb  I64DivMod.o [5]
__cmain                 0x08005121         Code  Gb  cmain.o [5]
__data_Aldata           0x20001560    0x8  Data  Gb  xxmemxmalloc.o [3]
__data_GetMemChunk      0x08001ebd   0x2c  Code  Gb  xgetmemchunk.o [3]
__data_GetMemChunk::start
                        0x20001574    0x4  Data  Lc  xgetmemchunk.o [3]
__exit                  0x08005151   0x14  Code  Gb  exit.o [6]
__iar_Dnorm             0x08001607   0x44  Code  Gb  xdnorm.o [4]
__iar_Dscale            0x080016ad  0x10c  Code  Gb  xdscale.o [4]
__iar_Errno             0x20000088    0x4  Data  Gb  errno.o [3]
__iar_Locale_lconv_init
                        0x08001dbd   0x3a  Code  Gb  localeconv.o [3]
__iar_Mbcurmax          0x08001349    0xa  Code  Gb  xmbcurmax.o [3]
__iar_Memchr            0x080012f1         Code  Gb  memchr.o [5]
__iar_Memset4_word      0x08004e45         Code  Gb  ABImemset48.o [5]
__iar_Memset8_word      0x08004e45         Code  Gb  ABImemset48.o [5]
__iar_Memset_word       0x08004ef5         Code  Gb  ABImemset.o [5]
__iar_Stoul             0x08004de9    0x4  Code  Gb  xstoul.o [3]
__iar_Stoulx            0x08004ca5  0x13e  Code  Gb  xstoul.o [3]
__iar_Strchr            0x080012a1         Code  Gb  strchr.o [5]
__iar_Strstr            0x08004c2f   0x2e  Code  Gb  strstr.o [3]
__iar_d2uiz             0x080017f1         Code  Gb  DblToI32.o [4]
__iar_dadd              0x08001eed         Code  Gb  DblAdd.o [4]
__iar_data_init3        0x080050d9   0x28  Code  Gb  data_init.o [5]
__iar_dlib_perthread_access
                        0x08001fc1    0x2  Code  Gb  xtls.o [3]
__iar_dsub              0x08001855         Code  Gb  DblSub.o [4]
__iar_dsubStart         0x08001867         Code  Gb  DblSub.o [4]
__iar_packbits_init_single3
                        0x080050a1   0x38  Code  Gb  packbits_init_single.o [5]
__iar_program_start     0x08005185         Code  Gb  cstartup_M.o [5]
__iar_ui2d              0x08001829         Code  Gb  I32ToDbl.o [4]
__iar_unaligned___aeabi_memcpy
                        0x08001421         Code  Gb  ABImemcpy_unaligned.o [5]
__iar_unaligned___aeabi_memcpy4
                        0x08001441         Code  Gb  ABImemcpy_unaligned.o [5]
__iar_unaligned___aeabi_memcpy8
                        0x08001441         Code  Gb  ABImemcpy_unaligned.o [5]
__iar_zero_init3        0x08005061   0x40  Code  Gb  zero_init3.o [5]
__low_level_init        0x0800513b    0x4  Code  Gb  low_level_init.o [3]
__vector_table          0x08000000         Data  Gb  startup_stm32f10x_md.o [1]
_call_main              0x0800512d         Code  Gb  cmain.o [5]
_exit                   0x08005145         Code  Gb  cexit.o [5]
_main                   0x08005137         Code  Gb  cmain.o [5]
clocks                  0x20001544   0x14  Data  Gb  hw_control.o [1]
delay_t                 0x080025c1   0x32  Code  Lc  hw_control.o [1]
delay_us                0x080025f3   0x12  Code  Gb  hw_control.o [1]
digits                  0x08004dec   0x28  Data  Lc  xstoul.o [3]
div                     0x08001e29    0xe  Code  Gb  div.o [3]
exit                    0x0800513f    0x4  Code  Gb  exit.o [3]
free                    0x08001499   0x7a  Code  Gb  xxmemxfree.o [3]
intake_Run              0x080042d9  0x334  Code  Gb  water_intake.o [1]
intake_Run::In_rfid     0x200014a8    0x2  Data  Lc  water_intake.o [1]
intake_Run::Incow_ir_cnt
                        0x200014aa    0x2  Data  Lc  water_intake.o [1]
intake_Run::Incow_rfid_cnt
                        0x200014ac    0x2  Data  Lc  water_intake.o [1]
intake_Run::Intake_head
                        0x200014a4    0x2  Data  Lc  water_intake.o [1]
intake_Run::Old_Watercnt
                        0x200014bc    0x4  Data  Lc  water_intake.o [1]
intake_Run::Water_stable_cnt
                        0x200014b2    0x2  Data  Lc  water_intake.o [1]
intake_Run::oper_water_wait_cnt
                        0x200014b6    0x2  Data  Lc  water_intake.o [1]
intake_Run::reenter_cnt
                        0x200014ae    0x2  Data  Lc  water_intake.o [1]
intake_Run::rfid        0x200014a6    0x2  Data  Lc  water_intake.o [1]
intake_Run::start_weight
                        0x200014b0    0x2  Data  Lc  water_intake.o [1]
intake_Run::xxx_cnt     0x200014b4    0x2  Data  Lc  water_intake.o [1]
isspace                 0x08004ebf   0x14  Code  Gb  isxxx.o [3]
kbuf                    0x2000125d    0x1  Data  Gb  Lora_parse.o [1]
lll_eeprom_init         0x0800342d   0x30  Code  Gb  water_intake_mram_menage.o [1]
load_eeprom             0x0800345d   0x94  Code  Gb  water_intake_mram_menage.o [1]
localeconv              0x08001df7   0x16  Code  Gb  localeconv.o [3]
loop                    0x08002c0f  0x100  Code  Gb  main.o [1]
lora_parse              0x08003d15  0x242  Code  Gb  Lora_parse.o [1]
main                    0x08002d8d   0x36  Code  Gb  main.o [1]
main_key_wait           0x20000022    0x1  Data  Gb  menu.o [1]
malloc                  0x08001355   0xac  Code  Gb  xxmemxmalloc.o [3]
memchr                  0x080012f1         Code  Gb  memchr.o [5]
menu_key_wait           0x20000021    0x1  Data  Gb  menu.o [1]
menu_list               0x08003bed   0x44  Code  Gb  menu.o [1]
millis                  0x080025ab    0x6  Code  Gb  hw_control.o [1]
ndigs                   0x08004e14   0x28  Data  Lc  xstoul.o [3]
parse_rfid              0x080041a5  0x12e  Code  Gb  Rfid_reader.o [1]
parse_rfid::rf_buf      0x20001440    0x8  Data  Lc  Rfid_reader.o [1]
parse_rfid::rf_buf_cnt  0x2000144b    0x1  Data  Lc  Rfid_reader.o [1]
parse_rfid::rf_buf_re_value
                        0x2000144e    0x2  Data  Lc  Rfid_reader.o [1]
parse_rfid::rf_buf_re_value_old
                        0x20001450    0x2  Data  Lc  Rfid_reader.o [1]
parse_rfid::rf_buf_recnt
                        0x2000144c    0x1  Data  Lc  Rfid_reader.o [1]
parse_rfid::rf_status   0x2000144a    0x1  Data  Lc  Rfid_reader.o [1]
parse_rfid_08IMF::rf_buf2
                        0x20001438    0x8  Data  Lc  Rfid_reader.o [1]
parse_rfid_08IMF::rf_buf2_cnt
                        0x20001449    0x1  Data  Lc  Rfid_reader.o [1]
parse_rfid_08IMF::rf_status2
                        0x20001448    0x1  Data  Lc  Rfid_reader.o [1]
parse_weight::cntx      0x2000136c    0x1  Data  Lc  w_weight.o [1]
parse_weight::dummy_cnt
                        0x2000136e    0x1  Data  Lc  w_weight.o [1]
parse_weight::stable_ch_flag_old
                        0x2000136d    0x1  Data  Lc  w_weight.o [1]
parse_weight_interrupt  0x08004b7f   0x3c  Code  Gb  w_weight.o [1]
parse_weight_interrupt::cntx
                        0x2000136f    0x1  Data  Lc  w_weight.o [1]
pcnt                    0x20001568    0x4  Data  Gb  gpio.o [1]
pcnt2                   0x2000156c    0x4  Data  Gb  gpio.o [1]
read_RTC                0x08002f89   0x1e  Code  Gb  KHH_stm103_RTC.o [1]
recv_line_buf           0x2000115c  0x100  Data  Gb  Lora_parse.o [1]
recv_line_cnt           0x2000125c    0x1  Data  Gb  Lora_parse.o [1]
rfid_dequeue            0x0800418d   0x18  Code  Gb  Rfid_reader.o [1]
rfid_is_empty           0x0800417d   0x10  Code  Gb  Rfid_reader.o [1]
save_all_eeprom         0x080034f1   0x10  Code  Gb  water_intake_mram_menage.o [1]
search_address          0x2000152a    0x2  Data  Gb  Lora_parse.o [1]
sec                     0x20001570    0x4  Data  Gb  KHH_stm103_RTC.o [1]
send_rfid               0x2000157a    0x2  Data  Gb  main.o [1]
setting_mode            0x08003967  0x284  Code  Gb  menu.o [1]
setting_mode::sw_long_add
                        0x20000026    0x2  Data  Lc  menu.o [1]
setup                   0x08002791   0x52  Code  Gb  hw_control.o [1]
sprintf                 0x08003ce1   0x34  Code  Gb  sprintf.o [3]
strchr                  0x080012a1         Code  Gb  strchr.o [5]
strcspn                 0x08004e9b   0x24  Code  Gb  strcspn.o [3]
strlen                  0x080012b9         Code  Gb  strlen.o [5]
strspn                  0x08004e77   0x24  Code  Gb  strspn.o [3]
strtok_r                0x08004c65   0x3c  Code  Gb  strtok_r.o [3]
sysTickUptime           0x20000008    0x4  Data  Gb  hw_control.o [1]
t1                      0x20001264    0x4  Data  Gb  Lora_parse.o [1]
t2                      0x20001268    0x4  Data  Gb  Lora_parse.o [1]
tbuf                    0x2000114c   0x10  Data  Gb  Lora_parse.o [1]
timer_1000ms_loop       0x08002c03    0xc  Code  Gb  main.o [1]
timer_100ms_loop        0x08002b67   0x9c  Code  Gb  main.o [1]
timer_10ms_loop         0x08002a95   0xd2  Code  Gb  main.o [1]
timer_check::tick_1000ms
                        0x20000004    0x2  Data  Lc  hw_control.o [1]
timer_check::tick_100ms
                        0x20000002    0x2  Data  Lc  hw_control.o [1]
timer_check::tick_10ms  0x20000000    0x2  Data  Lc  hw_control.o [1]
tolower                 0x08004ed3   0x14  Code  Gb  tolower.o [3]
uart1_dequeue           0x080030e9   0x18  Code  Gb  uart.o [1]
uart1_is_empty          0x080030d5   0x14  Code  Gb  uart.o [1]
uart3_dequeue           0x08003115   0x18  Code  Gb  uart.o [1]
uart3_is_empty          0x08003101   0x14  Code  Gb  uart.o [1]
water_fill_delay        0x2000157d    0x1  Data  Gb  water_intake.o [1]
weight                  0x200014a0    0x2  Data  Gb  water_intake.o [1]
weight_ParseData_ch1    0x08004ac1   0xbe  Code  Gb  w_weight.o [1]
weight_ch1              0x20001426    0x2  Data  Gb  w_weight.o [1]
weight_ch2              0x2000142a    0x2  Data  Gb  w_weight.o [1]
wp_buf                  0x2000126c  0x100  Data  Gb  Lora_parse.o [1]


[1] = D:\12.물섭취량조사기\5.Source\Project\backup\STM32F103\STM3210C-EVAL\Obj
[2] = command line
[3] = dl7M_tlf.a
[4] = m7M_tl.a
[5] = rt7M_tl.a
[6] = shb_l.a

  21 000 bytes of readonly  code memory
     142 bytes of readonly  data memory
   5 502 bytes of readwrite data memory

Errors: none
Warnings: none
